2026-02-16 19:07:45,863 [INFO] Panel construction started at 2026-02-16T19:07:45.863265
2026-02-16 19:07:45,863 [INFO] Project dir: C:\Users\dhl\data\thesis\thesis
2026-02-16 19:07:45,864 [INFO] Data dir: C:\Users\dhl\data\thesis\thesis\Data
2026-02-16 19:07:45,864 [INFO] Panel dir: C:\Users\dhl\data\thesis\thesis\Data\Panel
2026-02-16 19:07:45,864 [INFO] ============================================================
2026-02-16 19:07:45,864 [INFO] STEP 1: Extracting Property Universe (Full LUI + GeoJSON protests)
2026-02-16 19:07:45,864 [INFO] ============================================================
2026-02-16 19:07:45,865 [INFO] Loading LUI parcels from: C:\Users\dhl\data\thesis\thesis\Data\Zoning_Cases\Source_Data\land_use_inventory_prefetched.csv
2026-02-16 19:07:47,927 [INFO] LUI parcels loaded: 282,772
2026-02-16 19:07:50,761 [INFO] Total GeoJSON features: 27363
2026-02-16 19:07:51,204 [INFO] Total properties after merge: 282,772
2026-02-16 19:07:51,204 [INFO] GeoJSON protest properties matched in LUI: 2,902
2026-02-16 19:07:51,204 [INFO] Properties with protest history: 2,902
2026-02-16 19:07:51,221 [INFO] Properties ever protested: 2,902 (1.03%)
2026-02-16 19:07:52,189 [INFO] Wrote 282,772 properties to C:\Users\dhl\data\thesis\thesis\Data\Panel\property_universe.csv
2026-02-16 19:07:52,330 [INFO] ============================================================
2026-02-16 19:07:52,331 [INFO] STEP 2: Creating Property x Year Skeleton
2026-02-16 19:07:52,331 [INFO] ============================================================
2026-02-16 19:07:52,331 [INFO] Year range: 2007-2024 (18 years)
2026-02-16 19:07:52,331 [INFO] Expected rows: 282,772 x 18 = 5,089,896
2026-02-16 19:08:00,915 [INFO] Wrote 5,089,896 rows to C:\Users\dhl\data\thesis\thesis\Data\Panel\property_year_skeleton.csv
2026-02-16 19:08:00,916 [INFO] Total protest=1: 3,004 (0.059%)
2026-02-16 19:08:00,916 [INFO] Total protest=0: 5,086,892
2026-02-16 19:08:00,917 [INFO]   Year 2008: 95 protests
2026-02-16 19:08:00,917 [INFO]   Year 2009: 56 protests
2026-02-16 19:08:00,918 [INFO]   Year 2010: 25 protests
2026-02-16 19:08:00,918 [INFO]   Year 2011: 282 protests
2026-02-16 19:08:00,919 [INFO]   Year 2012: 34 protests
2026-02-16 19:08:00,919 [INFO]   Year 2013: 76 protests
2026-02-16 19:08:00,919 [INFO]   Year 2014: 186 protests
2026-02-16 19:08:00,919 [INFO]   Year 2015: 318 protests
2026-02-16 19:08:00,919 [INFO]   Year 2016: 126 protests
2026-02-16 19:08:00,919 [INFO]   Year 2017: 170 protests
2026-02-16 19:08:00,919 [INFO]   Year 2018: 139 protests
2026-02-16 19:08:00,920 [INFO]   Year 2019: 189 protests
2026-02-16 19:08:00,920 [INFO]   Year 2020: 194 protests
2026-02-16 19:08:00,920 [INFO]   Year 2021: 331 protests
2026-02-16 19:08:00,920 [INFO]   Year 2022: 255 protests
2026-02-16 19:08:00,920 [INFO]   Year 2023: 116 protests
2026-02-16 19:08:00,921 [INFO]   Year 2024: 412 protests
2026-02-16 19:08:00,921 [INFO] ============================================================
2026-02-16 19:08:00,921 [INFO] STEP 3: Parsing EARS Appraisal Rolls
2026-02-16 19:08:00,921 [INFO] ============================================================
2026-02-16 19:08:00,922 [INFO] EARS layout: 84 columns
2026-02-16 19:08:00,922 [INFO] Keeping 82 columns, excluding 2
2026-02-16 19:08:00,923 [INFO] Excluded columns: {'arb_protest_result', 'arb_protest_flag'}
2026-02-16 19:08:00,924 [INFO] Parsing EARS 2019: C:\Users\dhl\data\thesis\thesis\Data\Appraisal_Rolls\2019\EARS_2019_Master.csv
