2026-02-16 18:06:40,986 [INFO] Panel enrichment started at 2026-02-16T18:06:40.986857
2026-02-16 18:06:40,987 [INFO] ============================================================
2026-02-16 18:06:40,987 [INFO] STEP A: Pulling ACS 5-Year Estimates from Census API
2026-02-16 18:06:40,987 [INFO] ============================================================
2026-02-16 18:06:41,016 [INFO] Unique tract GEOIDs in panel: 158
2026-02-16 18:06:41,017 [INFO] Unique Travis County tracts: 158
2026-02-16 18:06:41,018 [INFO]   Pulling ACS 2009...
2026-02-16 18:06:42,048 [INFO]     Got 181 tracts for vintage 2009
2026-02-16 18:06:42,548 [INFO]   Pulling ACS 2010...
2026-02-16 18:06:43,536 [INFO]     Got 218 tracts for vintage 2010
2026-02-16 18:06:44,038 [INFO]   Pulling ACS 2011...
2026-02-16 18:06:45,250 [INFO]     Got 218 tracts for vintage 2011
2026-02-16 18:06:45,751 [INFO]   Pulling ACS 2012...
2026-02-16 18:06:46,923 [INFO]     Got 218 tracts for vintage 2012
2026-02-16 18:06:47,424 [INFO]   Pulling ACS 2013...
2026-02-16 18:06:49,163 [INFO]     Got 218 tracts for vintage 2013
2026-02-16 18:06:49,664 [INFO]   Pulling ACS 2014...
2026-02-16 18:06:50,799 [INFO]     Got 218 tracts for vintage 2014
2026-02-16 18:06:51,301 [INFO]   Pulling ACS 2015...
2026-02-16 18:06:53,005 [INFO]     Got 218 tracts for vintage 2015
2026-02-16 18:06:53,506 [INFO]   Pulling ACS 2016...
2026-02-16 18:06:54,976 [INFO]     Got 218 tracts for vintage 2016
2026-02-16 18:06:55,477 [INFO]   Pulling ACS 2017...
2026-02-16 18:06:56,927 [INFO]     Got 218 tracts for vintage 2017
2026-02-16 18:06:57,428 [INFO]   Pulling ACS 2018...
2026-02-16 18:06:58,456 [INFO]     Got 218 tracts for vintage 2018
2026-02-16 18:06:58,957 [INFO]   Pulling ACS 2019...
2026-02-16 18:07:00,300 [INFO]     Got 218 tracts for vintage 2019
2026-02-16 18:07:00,801 [INFO]   Pulling ACS 2020...
2026-02-16 18:07:02,317 [INFO]     Got 290 tracts for vintage 2020
2026-02-16 18:07:02,818 [INFO]   Pulling ACS 2021...
2026-02-16 18:07:04,950 [INFO]     Got 290 tracts for vintage 2021
2026-02-16 18:07:05,452 [INFO]   Pulling ACS 2022...
2026-02-16 18:07:07,735 [INFO]     Got 290 tracts for vintage 2022
2026-02-16 18:07:08,236 [INFO]   Pulling ACS 2023...
2026-02-16 18:07:10,452 [INFO]     Got 290 tracts for vintage 2023
2026-02-16 18:07:11,021 [INFO] Wrote 3521 tract-year records to C:\Users\dhl\data\thesis\thesis\Data\Panel\census_tract_timeseries.csv
2026-02-16 18:07:11,025 [INFO] ============================================================
2026-02-16 18:07:11,026 [INFO] STEP B: Loading Land Database Snapshots
2026-02-16 18:07:11,026 [INFO] ============================================================
2026-02-16 18:07:11,027 [INFO] Loading Land Database 2016: C:\Users\dhl\data\thesis\thesis\Data\CoA_Open_Data\LDB_2016_4nsn-uea6.csv
2026-02-16 18:07:17,493 [INFO]   Loaded 248,240 parcels for 2016
2026-02-16 18:07:17,494 [INFO] Loading Land Database 2021: C:\Users\dhl\data\thesis\thesis\Data\CoA_Open_Data\LDB_2021_kk8y-6cmt.csv
2026-02-16 18:07:23,501 [INFO]   Loaded 250,370 parcels for 2021
2026-02-16 18:07:23,501 [INFO] ============================================================
2026-02-16 18:07:23,501 [INFO] STEP C: Loading LUI Snapshots for Land Use Forward-Fill
2026-02-16 18:07:23,502 [INFO] ============================================================
2026-02-16 18:07:23,502 [INFO] Loading LUI 2012: C:\Users\dhl\data\thesis\thesis\Data\CoA_Open_Data\LUI_2012_3k7r-w54d.csv
2026-02-16 18:07:26,046 [INFO]   Loaded 282,772 parcels for 2012
2026-02-16 18:07:26,047 [INFO] Loading LUI 2022: C:\Users\dhl\data\thesis\thesis\Data\CoA_Open_Data\LUI_2022_6qkk-xgys.csv
2026-02-16 18:07:28,684 [INFO]   Loaded 257,839 parcels for 2022
2026-02-16 18:07:28,684 [INFO] Loading LUI 2024: C:\Users\dhl\data\thesis\thesis\Data\CoA_Open_Data\LUI_2024_7vsm-dvxg.csv
2026-02-16 18:07:31,537 [INFO]   Loaded 284,791 parcels for 2024
2026-02-16 18:07:31,537 [INFO] ============================================================
2026-02-16 18:07:31,538 [INFO] STEP E: Enriching Panel with Time-Varying Data
2026-02-16 18:07:31,538 [INFO] ============================================================
2026-02-16 18:07:31,538 [INFO] Land Database snapshot years: [2016, 2021]
2026-02-16 18:07:31,538 [INFO] LUI snapshot years: [2012, 2022, 2024]
2026-02-16 18:07:34,574 [INFO] Total panel rows: 52,236
2026-02-16 18:07:34,574 [INFO] Census matched: 39,312 (75.3%)
2026-02-16 18:07:34,574 [INFO] LDB matched: 51,358 (98.3%)
2026-02-16 18:07:34,575 [INFO] LUI time-varying matched: 52,124 (99.8%)
2026-02-16 18:07:34,575 [INFO] Enriched panel written to: C:\Users\dhl\data\thesis\thesis\Data\Panel\Property_Year_Panel_Enriched.csv
2026-02-16 18:07:34,577 [INFO] ============================================================
2026-02-16 18:07:34,577 [INFO] DONE. Elapsed: 0:00:53.590192
2026-02-16 18:07:34,577 [INFO] Final output: C:\Users\dhl\data\thesis\thesis\Data\Panel\Property_Year_Panel_Enriched.csv
2026-02-16 18:07:34,578 [INFO] ============================================================
