This is pdfTeX, Version 3.141592653-2.6-1.40.27 (MiKTeX 25.4) (preloaded format=pdflatex 2025.10.16)  11 DEC 2025 18:04
entering extended mode
 restricted \write18 enabled.
 %&-line parsing enabled.
**./Austin_Housing_LaTeX.d/Austin_Housing_LaTeX.tex
(Austin_Housing_LaTeX.d/Austin_Housing_LaTeX.tex
LaTeX2e <2025-06-01> patch level 1
L3 programming layer <2025-09-02>
(C:\Users\dhl\AppData\Local\Programs\MiKTeX\tex/latex/base\article.cls
Document Class: article 2025/01/22 v1.4n Standard LaTeX document class
(C:\Users\dhl\AppData\Local\Programs\MiKTeX\tex/latex/base\size12.clo
File: size12.clo 2025/01/22 v1.4n Standard LaTeX file (size option)
)
\c@part=\count275
\c@section=\count276
\c@subsection=\count277
\c@subsubsection=\count278
\c@paragraph=\count279
\c@subparagraph=\count280
\c@figure=\count281
\c@table=\count282
\abovecaptionskip=\skip49
\belowcaptionskip=\skip50
\bibindent=\dimen148
)
(C:\Users\dhl\AppData\Local\Programs\MiKTeX\tex/latex/geometry\geometry.sty
Package: geometry 2020/01/02 v5.9 Page Geometry

(C:\Users\dhl\AppData\Local\Programs\MiKTeX\tex/latex/graphics\keyval.sty
Package: keyval 2022/05/29 v1.15 key=value parser (DPC)
\KV@toks@=\toks17
)
(C:\Users\dhl\AppData\Local\Programs\MiKTeX\tex/generic/iftex\ifvtex.sty
Package: ifvtex 2019/10/25 v1.7 ifvtex legacy package. Use iftex instead.

(C:\Users\dhl\AppData\Local\Programs\MiKTeX\tex/generic/iftex\iftex.sty
Package: iftex 2024/12/12 v1.0g TeX engine tests
))
\Gm@cnth=\count283
\Gm@cntv=\count284
\c@Gm@tempcnt=\count285
\Gm@bindingoffset=\dimen149
\Gm@wd@mp=\dimen150
\Gm@odd@mp=\dimen151
\Gm@even@mp=\dimen152
\Gm@layoutwidth=\dimen153
\Gm@layoutheight=\dimen154
\Gm@layouthoffset=\dimen155
\Gm@layoutvoffset=\dimen156
\Gm@dimlist=\toks18

(C:\Users\dhl\AppData\Local\Programs\MiKTeX\tex/latex/geometry\geometry.cfg))
(C:\Users\dhl\AppData\Local\Programs\MiKTeX\tex/latex/psnfss\times.sty
Package: times 2020/03/25 PSNFSS-v9.3 (SPQR) 
)
(C:\Users\dhl\AppData\Local\Programs\MiKTeX\tex/latex/setspace\setspace.sty
Package: setspace 2022/12/04 v6.7b set line spacing
)
(C:\Users\dhl\AppData\Local\Programs\MiKTeX\tex/latex/natbib\natbib.sty
Package: natbib 2010/09/13 8.31b (PWD, AO)
\bibhang=\skip51
\bibsep=\skip52
LaTeX Info: Redefining \cite on input line 694.
\c@NAT@ctr=\count286
)
(C:\Users\dhl\AppData\Local\Programs\MiKTeX\tex/latex/graphics\graphicx.sty
Package: graphicx 2024/12/31 v1.2e Enhanced LaTeX Graphics (DPC,SPQR)

(C:\Users\dhl\AppData\Local\Programs\MiKTeX\tex/latex/graphics\graphics.sty
Package: graphics 2024/08/06 v1.4g Standard LaTeX Graphics (DPC,SPQR)

(C:\Users\dhl\AppData\Local\Programs\MiKTeX\tex/latex/graphics\trig.sty
Package: trig 2023/12/02 v1.11 sin cos tan (DPC)
)
(C:\Users\dhl\AppData\Local\Programs\MiKTeX\tex/latex/graphics-cfg\graphics.cfg
File: graphics.cfg 2016/06/04 v1.11 sample graphics configuration
)
Package graphics Info: Driver file: pdftex.def on input line 106.
 (C:\Users\dhl\AppData\Local\Programs\MiKTeX\tex/latex/graphics-def\pdftex.def
File: pdftex.def 2025/09/29 v1.2d Graphics/color driver for pdftex
))
\Gin@req@height=\dimen157
\Gin@req@width=\dimen158
) (C:\Users\dhl\AppData\Local\Programs\MiKTeX\tex/latex/booktabs\booktabs.sty
Package: booktabs 2020/01/12 v1.61803398 Publication quality tables
\heavyrulewidth=\dimen159
\lightrulewidth=\dimen160
\cmidrulewidth=\dimen161
\belowrulesep=\dimen162
\belowbottomsep=\dimen163
\aboverulesep=\dimen164
\abovetopsep=\dimen165
\cmidrulesep=\dimen166
\cmidrulekern=\dimen167
\defaultaddspace=\dimen168
\@cmidla=\count287
\@cmidlb=\count288
\@aboverulesep=\dimen169
\@belowrulesep=\dimen170
\@thisruleclass=\count289
\@lastruleclass=\count290
\@thisrulewidth=\dimen171
) (C:\Users\dhl\AppData\Local\Programs\MiKTeX\tex/latex/tools\longtable.sty
Package: longtable 2024-12-18 v4.23 Multi-page Table package (DPC)
\LTleft=\skip53
\LTright=\skip54
\LTpre=\skip55
\LTpost=\skip56
\LTchunksize=\count291
\LTcapwidth=\dimen172
\LT@head=\box53
\LT@firsthead=\box54
\LT@foot=\box55
\LT@lastfoot=\box56
\LT@gbox=\box57
\LT@cols=\count292
\LT@rows=\count293
\c@LT@tables=\count294
\c@LT@chunks=\count295
\LT@p@ftn=\toks19
)
(C:\Users\dhl\AppData\Local\Programs\MiKTeX\tex/latex/tools\array.sty
Package: array 2025/06/08 v2.6j Tabular extension package (FMi)
\col@sep=\dimen173
\ar@mcellbox=\box58
\extrarowheight=\dimen174
\NC@list=\toks20
\extratabsurround=\skip57
\backup@length=\skip58
\ar@cellbox=\box59
)
(C:\Users\dhl\AppData\Local\Programs\MiKTeX\tex/latex/multirow\multirow.sty
Package: multirow 2024/11/12 v2.9 Span multiple rows of a table
\multirow@colwidth=\skip59
\multirow@cntb=\count296
\multirow@dima=\skip60
\bigstrutjot=\dimen175
)
(C:\Users\dhl\AppData\Local\Programs\MiKTeX\tex/latex/hyperref\hyperref.sty
Package: hyperref 2025-07-12 v7.01o Hypertext links for LaTeX

(C:\Users\dhl\AppData\Local\Programs\MiKTeX\tex/latex/kvsetkeys\kvsetkeys.sty
Package: kvsetkeys 2022-10-05 v1.19 Key value parser (HO)
)
(C:\Users\dhl\AppData\Local\Programs\MiKTeX\tex/generic/kvdefinekeys\kvdefineke
ys.sty
Package: kvdefinekeys 2019-12-19 v1.6 Define keys (HO)
)
(C:\Users\dhl\AppData\Local\Programs\MiKTeX\tex/generic/pdfescape\pdfescape.sty
Package: pdfescape 2019/12/09 v1.15 Implements pdfTeX's escape features (HO)
(C:\Users\dhl\AppData\Local\Programs\MiKTeX\tex/generic/ltxcmds\ltxcmds.sty
Package: ltxcmds 2023-12-04 v1.26 LaTeX kernel commands for general use (HO)
)
(C:\Users\dhl\AppData\Local\Programs\MiKTeX\tex/generic/pdftexcmds\pdftexcmds.s
ty
Package: pdftexcmds 2020-06-27 v0.33 Utility functions of pdfTeX for LuaTeX (HO
)

(C:\Users\dhl\AppData\Local\Programs\MiKTeX\tex/generic/infwarerr\infwarerr.sty
Package: infwarerr 2019/12/03 v1.5 Providing info/warning/error messages (HO)
)
Package pdftexcmds Info: \pdf@primitive is available.
Package pdftexcmds Info: \pdf@ifprimitive is available.
Package pdftexcmds Info: \pdfdraftmode found.
)) (C:\Users\dhl\AppData\Local\Programs\MiKTeX\tex/latex/hycolor\hycolor.sty
Package: hycolor 2020-01-27 v1.10 Color options for hyperref/bookmark (HO)
)
(C:\Users\dhl\AppData\Local\Programs\MiKTeX\tex/latex/hyperref\nameref.sty
Package: nameref 2025-06-21 v2.57 Cross-referencing by name of section

(C:\Users\dhl\AppData\Local\Programs\MiKTeX\tex/latex/refcount\refcount.sty
Package: refcount 2019/12/15 v3.6 Data extraction from label references (HO)
)
(C:\Users\dhl\AppData\Local\Programs\MiKTeX\tex/generic/gettitlestring\gettitle
string.sty
Package: gettitlestring 2019/12/15 v1.6 Cleanup title references (HO)

(C:\Users\dhl\AppData\Local\Programs\MiKTeX\tex/latex/kvoptions\kvoptions.sty
Package: kvoptions 2022-06-15 v3.15 Key value format for package options (HO)
))
\c@section@level=\count297
) (C:\Users\dhl\AppData\Local\Programs\MiKTeX\tex/latex/etoolbox\etoolbox.sty
Package: etoolbox 2025/10/02 v2.5m e-TeX tools for LaTeX (JAW)
\etb@tempcnta=\count298
)
(C:\Users\dhl\AppData\Local\Programs\MiKTeX\tex/generic/stringenc\stringenc.sty
Package: stringenc 2019/11/29 v1.12 Convert strings between diff. encodings (HO
)
)
\@linkdim=\dimen176
\Hy@linkcounter=\count299
\Hy@pagecounter=\count300
 (C:\Users\dhl\AppData\Local\Programs\MiKTeX\tex/latex/hyperref\pd1enc.def
File: pd1enc.def 2025-07-12 v7.01o Hyperref: PDFDocEncoding definition (HO)
Now handling font encoding PD1 ...
... no UTF-8 mapping file for font encoding PD1
)
(C:\Users\dhl\AppData\Local\Programs\MiKTeX\tex/generic/intcalc\intcalc.sty
Package: intcalc 2019/12/15 v1.3 Expandable calculations with integers (HO)
)
\Hy@SavedSpaceFactor=\count301

(C:\Users\dhl\AppData\Local\Programs\MiKTeX\tex/latex/hyperref\puenc.def
File: puenc.def 2025-07-12 v7.01o Hyperref: PDF Unicode definition (HO)
Now handling font encoding PU ...
... no UTF-8 mapping file for font encoding PU
)
Package hyperref Info: Hyper figures OFF on input line 4195.
Package hyperref Info: Link nesting OFF on input line 4200.
Package hyperref Info: Hyper index ON on input line 4203.
Package hyperref Info: Plain pages OFF on input line 4210.
Package hyperref Info: Backreferencing OFF on input line 4215.
Package hyperref Info: Implicit mode ON; LaTeX internals redefined.
Package hyperref Info: Bookmarks ON on input line 4462.
\c@Hy@tempcnt=\count302

(C:\Users\dhl\AppData\Local\Programs\MiKTeX\tex/latex/url\url.sty
\Urlmuskip=\muskip17
Package: url 2013/09/16  ver 3.4  Verb mode for urls, etc.
)
LaTeX Info: Redefining \url on input line 4801.
\XeTeXLinkMargin=\dimen177

(C:\Users\dhl\AppData\Local\Programs\MiKTeX\tex/generic/bitset\bitset.sty
Package: bitset 2019/12/09 v1.3 Handle bit-vector datatype (HO)

(C:\Users\dhl\AppData\Local\Programs\MiKTeX\tex/generic/bigintcalc\bigintcalc.s
ty
Package: bigintcalc 2019/12/15 v1.5 Expandable calculations on big integers (HO
)
))
\Fld@menulength=\count303
\Field@Width=\dimen178
\Fld@charsize=\dimen179
Package hyperref Info: Hyper figures OFF on input line 6078.
Package hyperref Info: Link nesting OFF on input line 6083.
Package hyperref Info: Hyper index ON on input line 6086.
Package hyperref Info: backreferencing OFF on input line 6093.
Package hyperref Info: Link coloring OFF on input line 6098.
Package hyperref Info: Link coloring with OCG OFF on input line 6103.
Package hyperref Info: PDF/A mode OFF on input line 6108.
\Hy@abspage=\count304
\c@Item=\count305
\c@Hfootnote=\count306
)
Package hyperref Info: Driver (autodetected): hpdftex.

(C:\Users\dhl\AppData\Local\Programs\MiKTeX\tex/latex/hyperref\hpdftex.def
File: hpdftex.def 2025-07-12 v7.01o Hyperref driver for pdfTeX
\Fld@listcount=\count307
\c@bookmark@seq@number=\count308

(C:\Users\dhl\AppData\Local\Programs\MiKTeX\tex/latex/rerunfilecheck\rerunfilec
heck.sty
Package: rerunfilecheck 2025-06-21 v1.11 Rerun checks for auxiliary files (HO)

(C:\Users\dhl\AppData\Local\Programs\MiKTeX\tex/generic/uniquecounter\uniquecou
nter.sty
Package: uniquecounter 2019/12/15 v1.4 Provide unlimited unique counter (HO)
)
Package uniquecounter Info: New unique counter `rerunfilecheck' on input line 2
84.
)
\Hy@SectionHShift=\skip61
)
(C:\Users\dhl\AppData\Local\Programs\MiKTeX\tex/latex/mdwtools\footnote.sty
Package: footnote 1997/01/28 1.13 Save footnotes around boxes
\fn@notes=\box60
\fn@width=\dimen180
)
(C:\Users\dhl\AppData\Local\Programs\MiKTeX\tex/latex/caption\caption.sty
Package: caption 2023/08/05 v3.6o Customizing captions (AR)

(C:\Users\dhl\AppData\Local\Programs\MiKTeX\tex/latex/caption\caption3.sty
Package: caption3 2023/07/31 v2.4d caption3 kernel (AR)
\caption@tempdima=\dimen181
\captionmargin=\dimen182
\caption@leftmargin=\dimen183
\caption@rightmargin=\dimen184
\caption@width=\dimen185
\caption@indent=\dimen186
\caption@parindent=\dimen187
\caption@hangindent=\dimen188
Package caption Info: Standard document class detected.
)
\c@caption@flags=\count309
\c@continuedfloat=\count310
Package caption Info: hyperref package is loaded.
Package caption Info: longtable package is loaded.

(C:\Users\dhl\AppData\Local\Programs\MiKTeX\tex/latex/caption\ltcaption.sty
Package: ltcaption 2021/01/08 v1.4c longtable captions (AR)
))
(C:\Users\dhl\AppData\Local\Programs\MiKTeX\tex/latex/caption\subcaption.sty
Package: subcaption 2023/07/28 v1.6b Sub-captions (AR)
Package caption Info: New subtype `subfigure' on input line 238.
\c@subfigure=\count311
Package caption Info: New subtype `subtable' on input line 238.
\c@subtable=\count312
)
(C:\Users\dhl\AppData\Local\Programs\MiKTeX\tex/latex/xcolor\xcolor.sty
Package: xcolor 2024/09/29 v3.02 LaTeX color extensions (UK)

(C:\Users\dhl\AppData\Local\Programs\MiKTeX\tex/latex/graphics-cfg\color.cfg
File: color.cfg 2016/01/02 v1.6 sample color configuration
)
Package xcolor Info: Driver file: pdftex.def on input line 274.

(C:\Users\dhl\AppData\Local\Programs\MiKTeX\tex/latex/graphics\mathcolor.ltx)
Package xcolor Info: Model `cmy' substituted by `cmy0' on input line 1349.
Package xcolor Info: Model `hsb' substituted by `rgb' on input line 1353.
Package xcolor Info: Model `RGB' extended on input line 1365.
Package xcolor Info: Model `HTML' substituted by `rgb' on input line 1367.
Package xcolor Info: Model `Hsb' substituted by `hsb' on input line 1368.
Package xcolor Info: Model `tHsb' substituted by `hsb' on input line 1369.
Package xcolor Info: Model `HSB' substituted by `hsb' on input line 1370.
Package xcolor Info: Model `Gray' substituted by `gray' on input line 1371.
Package xcolor Info: Model `wave' substituted by `hsb' on input line 1372.
)
(C:\Users\dhl\AppData\Local\Programs\MiKTeX\tex/latex/colortbl\colortbl.sty
Package: colortbl 2024/10/29 v1.0k Color table columns (DPC)
\everycr=\toks21
\minrowclearance=\skip62
\rownum=\count313
)
LaTeX Font Info:    Trying to load font information for OT1+ptm on input line 2
9.

(C:\Users\dhl\AppData\Local\Programs\MiKTeX\tex/latex/psnfss\ot1ptm.fd
File: ot1ptm.fd 2001/06/04 font definitions for OT1/ptm.
)
(C:\Users\dhl\AppData\Local\Programs\MiKTeX\tex/latex/l3backend\l3backend-pdfte
x.def
File: l3backend-pdftex.def 2025-06-09 L3 backend support: PDF output (pdfTeX)
\l__color_backend_stack_int=\count314
)
No file Austin_Housing_LaTeX.aux.
\openout1 = `Austin_Housing_LaTeX.aux'.

LaTeX Font Info:    Checking defaults for OML/cmm/m/it on input line 29.
LaTeX Font Info:    ... okay on input line 29.
LaTeX Font Info:    Checking defaults for OMS/cmsy/m/n on input line 29.
LaTeX Font Info:    ... okay on input line 29.
LaTeX Font Info:    Checking defaults for OT1/cmr/m/n on input line 29.
LaTeX Font Info:    ... okay on input line 29.
LaTeX Font Info:    Checking defaults for T1/cmr/m/n on input line 29.
LaTeX Font Info:    ... okay on input line 29.
LaTeX Font Info:    Checking defaults for TS1/cmr/m/n on input line 29.
LaTeX Font Info:    ... okay on input line 29.
LaTeX Font Info:    Checking defaults for OMX/cmex/m/n on input line 29.
LaTeX Font Info:    ... okay on input line 29.
LaTeX Font Info:    Checking defaults for U/cmr/m/n on input line 29.
LaTeX Font Info:    ... okay on input line 29.
LaTeX Font Info:    Checking defaults for PD1/pdf/m/n on input line 29.
LaTeX Font Info:    ... okay on input line 29.
LaTeX Font Info:    Checking defaults for PU/pdf/m/n on input line 29.
LaTeX Font Info:    ... okay on input line 29.
*geometry* driver: auto-detecting
*geometry* detected driver: pdftex
*geometry* verbose mode - [ preamble ] result:
* driver: pdftex
* paper: <default>
* layout: <same size as paper>
* layoutoffset:(h,v)=(0.0pt,0.0pt)
* modes: 
* h-part:(L,W,R)=(72.26999pt, 469.75502pt, 72.26999pt)
* v-part:(T,H,B)=(72.26999pt, 650.43001pt, 72.26999pt)
* \paperwidth=614.295pt
* \paperheight=794.96999pt
* \textwidth=469.75502pt
* \textheight=650.43001pt
* \oddsidemargin=0.0pt
* \evensidemargin=0.0pt
* \topmargin=-37.0pt
* \headheight=12.0pt
* \headsep=25.0pt
* \topskip=12.0pt
* \footskip=30.0pt
* \marginparwidth=44.0pt
* \marginparsep=10.0pt
* \columnsep=10.0pt
* \skip\footins=10.8pt plus 4.0pt minus 2.0pt
* \hoffset=0.0pt
* \voffset=0.0pt
* \mag=1000
* \@twocolumnfalse
* \@twosidefalse
* \@mparswitchfalse
* \@reversemarginfalse
* (1in=72.27pt=25.4mm, 1cm=28.453pt)


(C:\Users\dhl\AppData\Local\Programs\MiKTeX\tex/context/base/mkii\supp-pdf.mkii
[Loading MPS to PDF converter (version 2006.09.02).]
\scratchcounter=\count315
\scratchdimen=\dimen189
\scratchbox=\box61
\nofMPsegments=\count316
\nofMParguments=\count317
\everyMPshowfont=\toks22
\MPscratchCnt=\count318
\MPscratchDim=\dimen190
\MPnumerator=\count319
\makeMPintoPDFobject=\count320
\everyMPtoPDFconversion=\toks23
)
(C:\Users\dhl\AppData\Local\Programs\MiKTeX\tex/latex/epstopdf-pkg\epstopdf-bas
e.sty
Package: epstopdf-base 2020-01-24 v2.11 Base part for package epstopdf
Package epstopdf-base Info: Redefining graphics rule for `.eps' on input line 4
85.

(C:\Users\dhl\AppData\Local\Programs\MiKTeX\tex/latex/00miktex\epstopdf-sys.cfg
File: epstopdf-sys.cfg 2021/03/18 v2.0 Configuration of epstopdf for MiKTeX
))
Package hyperref Info: Link coloring OFF on input line 29.

(C:\Users\dhl\data\thesis\thesis\Austin_Housing_LaTeX.d\Austin_Housing_LaTeX.ou
t)
(C:\Users\dhl\data\thesis\thesis\Austin_Housing_LaTeX.d\Austin_Housing_LaTeX.ou
t)
\@outlinefile=\write3
\openout3 = `Austin_Housing_LaTeX.out'.

Package caption Info: Begin \AtBeginDocument code.
Package caption Info: End \AtBeginDocument code.
LaTeX Font Info:    External font `cmex10' loaded for size
(Font)              <14.4> on input line 32.
LaTeX Font Info:    External font `cmex10' loaded for size
(Font)              <7> on input line 32.


[1

{C:/Users/dhl/AppData/Local/MiKTeX/fonts/map/pdftex/pdftex.map}{C:/Users/dhl/Ap
pData/Local/Programs/MiKTeX/fonts/enc/dvips/base/8r.enc}]

[2]
(C:\Users\dhl\data\thesis\thesis\Austin_Housing_LaTeX.d\Austin_Housing_LaTeX.to
c
LaTeX Font Info:    External font `cmex10' loaded for size
(Font)              <12> on input line 2.
LaTeX Font Info:    External font `cmex10' loaded for size
(Font)              <8> on input line 2.
LaTeX Font Info:    External font `cmex10' loaded for size
(Font)              <6> on input line 2.


[3]

[4]

[5])
\tf@toc=\write4
\openout4 = `Austin_Housing_LaTeX.toc'.



[6]

Package natbib Warning: Citation `austinmonitor2023' on page 7 undefined on inp
ut line 47.


Package natbib Warning: Citation `cityaustin2023home' on page 7 undefined on in
put line 47.


Package natbib Warning: Citation `way2018' on page 7 undefined on input line 49
.


Package natbib Warning: Citation `cityaustin2024' on page 7 undefined on input 
line 51.


Package natbib Warning: Citation `realpage2024' on page 7 undefined on input li
ne 51.


Package natbib Warning: Citation `rentcafe2024' on page 7 undefined on input li
ne 51.


Package natbib Warning: Citation `texastribune2024' on page 7 undefined on inpu
t line 51.


Package natbib Warning: Citation `census2020' on page 7 undefined on input line
 55.


Package natbib Warning: Citation `glaeser2018' on page 7 undefined on input lin
e 55.



[7]

Package natbib Warning: Citation `cityaustin2017blueprint' on page 8 undefined 
on input line 57.


Package natbib Warning: Citation `harvard2024' on page 8 undefined on input lin
e 57.

LaTeX Font Info:    Trying to load font information for TS1+ptm on input line 5
9.
(C:\Users\dhl\AppData\Local\Programs\MiKTeX\tex/latex/psnfss\ts1ptm.fd
File: ts1ptm.fd 2001/06/04 font definitions for TS1/ptm.
)

Package natbib Warning: Citation `abor2022' on page 8 undefined on input line 5
9.


Package natbib Warning: Citation `unlockMLS2025' on page 8 undefined on input l
ine 59.


Package natbib Warning: Citation `teamprice2025' on page 8 undefined on input l
ine 59.


Package natbib Warning: Citation `rentcafe2022' on page 8 undefined on input li
ne 59.


Package natbib Warning: Citation `tang2016' on page 8 undefined on input line 5
9.


Package natbib Warning: Citation `census2020demographics' on page 8 undefined o
n input line 59.


Package natbib Warning: Citation `echo2023' on page 8 undefined on input line 5
9.



[8]

Package natbib Warning: Citation `fischel2001' on page 9 undefined on input lin
e 79.



[9]

Package natbib Warning: Citation `census2023' on page 10 undefined on input lin
e 81.


Package natbib Warning: Citation `mccabe2016' on page 10 undefined on input lin
e 81.


Package natbib Warning: Citation `thelen2004' on page 10 undefined on input lin
e 83.



[10]

Package natbib Warning: Citation `cityaustin1928' on page 11 undefined on input
 line 97.


Package natbib Warning: Citation `holc1935' on page 11 undefined on input line 
99.



[11]

Package natbib Warning: Citation `way2018' on page 12 undefined on input line 1
01.


Package natbib Warning: Citation `census2020' on page 12 undefined on input lin
e 103.


Package natbib Warning: Citation `cityaustin2010' on page 12 undefined on input
 line 109.


Package natbib Warning: Citation `mueller2015' on page 12 undefined on input li
ne 109.



[12]

Package natbib Warning: Citation `cityaustin2012' on page 13 undefined on input
 line 111.



[13]

Package natbib Warning: Citation `cityaustin2008audit' on page 14 undefined on 
input line 121.


Package natbib Warning: Citation `cityaustin2017codenext' on page 14 undefined 
on input line 127.



[14]

[15]
Overfull \hbox (17.38062pt too wide) in paragraph at lines 143--143
[]\OT1/ptm/b/n/17.28 Chapter 2: Po-lit-i-cal Re-align-ment - The Rise of Austin
's YIMBY
 []


Package natbib Warning: Citation `census2020' on page 16 undefined on input lin
e 147.


Package natbib Warning: Citation `austinchamber2021' on page 16 undefined on in
put line 149.



[16]

Package natbib Warning: Citation `aura2022' on page 17 undefined on input line 
151.


Package natbib Warning: Citation `tpj2022' on page 17 undefined on input line 1
53.


Package natbib Warning: Citation `tcclerk2020' on page 17 undefined on input li
ne 159.


Package natbib Warning: Citation `uttexas2020' on page 17 undefined on input li
ne 161.



[17]

Package natbib Warning: Citation `watson2022campaign' on page 18 undefined on i
nput line 167.


Package natbib Warning: Citation `tcclerk2022' on page 18 undefined on input li
ne 169.



[18]

Package natbib Warning: Citation `austinmonitor2023' on page 19 undefined on in
put line 177.


Package natbib Warning: Citation `aura2023survey' on page 19 undefined on input
 line 181.


Package natbib Warning: Citation `austinchamber2021' on page 19 undefined on in
put line 185.



[19]

Package natbib Warning: Citation `anc2023' on page 20 undefined on input line 1
93.



[20]

Package natbib Warning: Citation `austinmonitor2023' on page 21 undefined on in
put line 201.



[21]

Package natbib Warning: Citation `vela2023' on page 22 undefined on input line 
213.


Package natbib Warning: Citation `watson2023' on page 22 undefined on input lin
e 215.


Package natbib Warning: Citation `cityaustin2023' on page 22 undefined on input
 line 217.


Package natbib Warning: Citation `econsult2023' on page 22 undefined on input l
ine 219.



[22]

Package natbib Warning: Citation `austinmonitor2023' on page 23 undefined on in
put line 223.


Package natbib Warning: Citation `pool2023' on page 23 undefined on input line 
225.


Package natbib Warning: Citation `uttexas2023' on page 23 undefined on input li
ne 227.


Package natbib Warning: Citation `shoup2024' on page 23 undefined on input line
 231.


Package natbib Warning: Citation `axios2023parking' on page 23 undefined on inp
ut line 231.



[23]

Package natbib Warning: Citation `aura2024' on page 24 undefined on input line 
233.


Package natbib Warning: Citation `cityaustin2024parking' on page 24 undefined o
n input line 235.


Package natbib Warning: Citation `fuentes2024' on page 24 undefined on input li
ne 237.


Package natbib Warning: Citation `uttexas2024' on page 24 undefined on input li
ne 239.


Package natbib Warning: Citation `cityaustin2024compat' on page 24 undefined on
 input line 243.



[24]

Package natbib Warning: Citation `cityaustin2024' on page 25 undefined on input
 line 247.


Package natbib Warning: Citation `cityaustin2024values' on page 25 undefined on
 input line 249.


Package natbib Warning: Citation `cityaustin2024db90' on page 25 undefined on i
nput line 253.


Package natbib Warning: Citation `cityaustin2024programs' on page 25 undefined 
on input line 255.



[25]

Package natbib Warning: Citation `cityaustin2024results' on page 26 undefined o
n input line 257.


Package natbib Warning: Citation `ellis2024' on page 26 undefined on input line
 259.


Package natbib Warning: Citation `projectconnect2020' on page 26 undefined on i
nput line 263.


Package natbib Warning: Citation `cityaustin2024etod' on page 26 undefined on i
nput line 265.


Package natbib Warning: Citation `capmetro2024' on page 26 undefined on input l
ine 267.



[26]

Package natbib Warning: Citation `cityaustin2024equity' on page 27 undefined on
 input line 269.


Package natbib Warning: Citation `cityaustin2024dsd' on page 27 undefined on in
put line 273.


Package natbib Warning: Citation `uli2024' on page 27 undefined on input line 2
75.


Package natbib Warning: Citation `austinwater2024' on page 27 undefined on inpu
t line 277.


Package natbib Warning: Citation `statesman2024' on page 27 undefined on input 
line 279.



[27]

Package natbib Warning: Citation `census2024' on page 28 undefined on input lin
e 285.


Package natbib Warning: Citation `cityaustin2024permits' on page 28 undefined o
n input line 287.


Package natbib Warning: Citation `cityaustin2024geo' on page 28 undefined on in
put line 289.


Package natbib Warning: Citation `rea2024' on page 28 undefined on input line 2
91.


Package natbib Warning: Citation `realpage2024' on page 28 undefined on input l
ine 295.



[28]

Package natbib Warning: Citation `costar2024' on page 29 undefined on input lin
e 297.


Package natbib Warning: Citation `apartmentlist2024' on page 29 undefined on in
put line 299.


Package natbib Warning: Citation `aaa2024' on page 29 undefined on input line 3
01.


Package natbib Warning: Citation `rentdata2025' on page 29 undefined on input l
ine 305.


Package natbib Warning: Citation `costar2025' on page 29 undefined on input lin
e 307.



[29]

Package natbib Warning: Citation `zumper2024' on page 30 undefined on input lin
e 309.


Package natbib Warning: Citation `jchs2024' on page 30 undefined on input line 
311.


Package natbib Warning: Citation `abor2025' on page 30 undefined on input line 
315.


Package natbib Warning: Citation `freddie2024' on page 30 undefined on input li
ne 317.


Package natbib Warning: Citation `redfin2025' on page 30 undefined on input lin
e 319.



[30]

Package natbib Warning: Citation `nar2025' on page 31 undefined on input line 3
21.


Overfull \hbox (0.18346pt too wide) in paragraph at lines 321--322
\OT1/ptm/m/n/12 Lot splits cre-ated op-por-tu-ni-ties for fee-simple town-homes
 and small-lot single-family homes priced
 []


Package natbib Warning: Citation `bls2024' on page 31 undefined on input line 3
25.


Package natbib Warning: Citation `implan2024' on page 31 undefined on input lin
e 327.


Package natbib Warning: Citation `agc2024' on page 31 undefined on input line 3
29.


Package natbib Warning: Citation `austinmetro2024' on page 31 undefined on inpu
t line 331.


Overfull \hbox (2.33603pt too wide) in paragraph at lines 331--332
[]\OT1/ptm/m/n/12 The ge-o-graphic dis-tri-bu-tion of con-struc-tion em-ploy-me
nt shifted to-ward Austin proper rather
 []



[31]

Package natbib Warning: Citation `tcad2024' on page 32 undefined on input line 
335.


Package natbib Warning: Citation `traviscad2024' on page 32 undefined on input 
line 337.


Package natbib Warning: Citation `tcad2024protests' on page 32 undefined on inp
ut line 339.


Package natbib Warning: Citation `ttara2024' on page 32 undefined on input line
 341.


Package natbib Warning: Citation `txlege2023' on page 32 undefined on input lin
e 347.



[32]

Package natbib Warning: Citation `abbott2023' on page 33 undefined on input lin
e 349.


Package natbib Warning: Citation `tppf2023' on page 33 undefined on input line 
351.


Package natbib Warning: Citation `hb2127' on page 33 undefined on input line 35
5.


Package natbib Warning: Citation `acuna2023' on page 33 undefined on input line
 357.



[33]

Package natbib Warning: Citation `thirdcourt2025' on page 34 undefined on input
 line 359.


Package natbib Warning: Citation `cityaustin2025legal' on page 34 undefined on 
input line 361.


Package natbib Warning: Citation `txhouse2025' on page 34 undefined on input li
ne 365.


Package natbib Warning: Citation `sb840' on page 34 undefined on input line 367
.


Package natbib Warning: Citation `hb24' on page 34 undefined on input line 369.




[34]

Package natbib Warning: Citation `texastribune2025' on page 35 undefined on inp
ut line 371.


Package natbib Warning: Citation `cityaustin2025strategy' on page 35 undefined 
on input line 375.


Package natbib Warning: Citation `cityaustin2025defensive' on page 35 undefined
 on input line 377.


Package natbib Warning: Citation `tml2025' on page 35 undefined on input line 3
79.


Package natbib Warning: Citation `txcomptroller2024' on page 35 undefined on in
put line 383.



[35]

Package natbib Warning: Citation `lgc395' on page 36 undefined on input line 38
5.


Package natbib Warning: Citation `cityaustin2024finance' on page 36 undefined o
n input line 387.


Package natbib Warning: Citation `austinwater2024cap' on page 36 undefined on i
nput line 389.


Package natbib Warning: Citation `txpropcode' on page 36 undefined on input lin
e 393.



[36]

Package natbib Warning: Citation `cityaustin2024affordable' on page 37 undefine
d on input line 395.


Package natbib Warning: Citation `txlege2024' on page 37 undefined on input lin
e 397.


Overfull \hbox (1.86688pt too wide) in paragraph at lines 397--398
[]\OT1/ptm/m/n/12 State lim-i-ta-tions also af-fected af-ford-able hous-ing pre
ser-va-tion. Texas law re-stricted Austin's
 []


Package natbib Warning: Citation `txlege2025bills' on page 37 undefined on inpu
t line 399.


Package natbib Warning: Citation `census2024' on page 37 undefined on input lin
e 405.


Package natbib Warning: Citation `way2024' on page 37 undefined on input line 4
07.


Overfull \hbox (0.13654pt too wide) in paragraph at lines 407--408
\OT1/ptm/m/n/12 than di-rect dis-place-ment through evic-tion or de-mo-li-tion,
 the pri-mary driver was now replacement---
 []



[37]

Package natbib Warning: Citation `tang2024' on page 38 undefined on input line 
409.


Package natbib Warning: Citation `kut2024' on page 38 undefined on input line 4
11.


Package natbib Warning: Citation `cityaustin2024patterns' on page 38 undefined 
on input line 415.


Package natbib Warning: Citation `ut2024housing' on page 38 undefined on input 
line 417.


Package natbib Warning: Citation `census2024demo' on page 38 undefined on input
 line 419.



[38]

Package natbib Warning: Citation `colonyparkna2024' on page 39 undefined on inp
ut line 421.


Package natbib Warning: Citation `austintech2024' on page 39 undefined on input
 line 425.


Package natbib Warning: Citation `ut2024graduate' on page 39 undefined on input
 line 427.


Overfull \hbox (0.36765pt too wide) in paragraph at lines 427--428
[]\OT1/ptm/m/n/12 Recent col-lege grad-u-ates also ben-e-fited sub-stan-tially.
 Entry-level work-ers pre-vi-ously priced
 []


Package natbib Warning: Citation `uttexas2024survey' on page 39 undefined on in
put line 429.


Package natbib Warning: Citation `nlihc2024' on page 39 undefined on input line
 431.



[39]

Package natbib Warning: Citation `urbaninstitute2024' on page 40 undefined on i
nput line 435.


Package natbib Warning: Citation `rentdata2024' on page 40 undefined on input l
ine 437.


Package natbib Warning: Citation `cityaustin2024equity' on page 40 undefined on
 input line 439.


Package natbib Warning: Citation `smith2024' on page 40 undefined on input line
 441.


Package natbib Warning: Citation `fed2024' on page 40 undefined on input line 4
45.


Overfull \hbox (2.68005pt too wide) in paragraph at lines 445--446
\OT1/ptm/m/n/12 The hous-ing trans-for-ma-tion sig-nif-i-cantly im-pacted in-te
r-gen-er-a-tional wealth dy-nam-ics. Older home-
 []



[40]

Package natbib Warning: Citation `nar2024' on page 41 undefined on input line 4
47.


Package natbib Warning: Citation `brookings2024' on page 41 undefined on input 
line 449.


Package natbib Warning: Citation `cityaustin2024ownership' on page 41 undefined
 on input line 451.


Package natbib Warning: Citation `cityaustin2024dsd' on page 41 undefined on in
put line 457.



[41]

Package natbib Warning: Citation `dsd2024report' on page 42 undefined on input 
line 459.


Package natbib Warning: Citation `austin_tech_review_2024' on page 42 undefined
 on input line 461.


Package natbib Warning: Citation `cityaustin2024staffing' on page 42 undefined 
on input line 463.


Package natbib Warning: Citation `zucker2024' on page 42 undefined on input lin
e 467.



[42]

Package natbib Warning: Citation `uli_austin_2024' on page 43 undefined on inpu
t line 469.


Package natbib Warning: Citation `austin_chamber_2024' on page 43 undefined on 
input line 471.


Package natbib Warning: Citation `cityaustin2024simplify' on page 43 undefined 
on input line 473.


Package natbib Warning: Citation `austin_infrastructure_2024' on page 43 undefi
ned on input line 477.



[43]

Package natbib Warning: Citation `austinwater2024challenges' on page 44 undefin
ed on input line 479.


Overfull \hbox (3.53227pt too wide) in paragraph at lines 479--480
\OT1/ptm/m/n/12 density ar-eas over-whelmed lo-cal pipes. Wa-ter pres-sure prob
-lems emerged in tall build-ings. Wastew-
 []


Package natbib Warning: Citation `atd2024' on page 44 undefined on input line 4
81.


Package natbib Warning: Citation `cityaustin2024coord' on page 44 undefined on 
input line 483.


Package natbib Warning: Citation `austin_monitor_2024' on page 44 undefined on 
input line 487.


Package natbib Warning: Citation `kut2024messaging' on page 44 undefined on inp
ut line 489.



[44]

Package natbib Warning: Citation `statesman2024politics' on page 45 undefined o
n input line 491.


Package natbib Warning: Citation `cityaustin2024morale' on page 45 undefined on
 input line 493.


Package natbib Warning: Citation `rea2024gaming' on page 45 undefined on input 
line 497.


Package natbib Warning: Citation `austin_monitor_gaming_2024' on page 45 undefi
ned on input line 499.


Package natbib Warning: Citation `cityaustin2024enforcement' on page 45 undefin
ed on input line 501.


Package natbib Warning: Citation `uli2024innovation' on page 45 undefined on in
put line 503.



[45]

Package natbib Warning: Citation `mccabe2024' on page 46 undefined on input lin
e 509.


Package natbib Warning: Citation `einstein2024' on page 46 undefined on input l
ine 511.


Package natbib Warning: Citation `aura2024coalition' on page 46 undefined on in
put line 513.


Package natbib Warning: Citation `yimby_action_2024' on page 46 undefined on in
put line 515.



[46]

Package natbib Warning: Citation `cityaustin2024lessons' on page 47 undefined o
n input line 519.


Package natbib Warning: Citation `furman_center_2024' on page 47 undefined on i
nput line 521.


Package natbib Warning: Citation `rothwell2024' on page 47 undefined on input l
ine 523.


Package natbib Warning: Citation `urban_institute_2024' on page 47 undefined on
 input line 525.


Package natbib Warning: Citation `been2024' on page 47 undefined on input line 
529.



[47]

Package natbib Warning: Citation `metcalf2024' on page 48 undefined on input li
ne 531.


Package natbib Warning: Citation `zuk2024' on page 48 undefined on input line 5
33.


Package natbib Warning: Citation `austin_water_2024' on page 48 undefined on in
put line 535.


Package natbib Warning: Citation `txlege_analysis_2024' on page 48 undefined on
 input line 539.


Package natbib Warning: Citation `nlc2024' on page 48 undefined on input line 5
41.


Package natbib Warning: Citation `tppf2024' on page 48 undefined on input line 
543.



[48]

Package natbib Warning: Citation `urban_institute_equity_2024' on page 49 undef
ined on input line 547.


Package natbib Warning: Citation `arnstein_update_2024' on page 49 undefined on
 input line 549.


Package natbib Warning: Citation `chang2024' on page 49 undefined on input line
 551.


Package natbib Warning: Citation `rothwell2024segregation' on page 49 undefined
 on input line 553.


Package natbib Warning: Citation `austintech2023' on page 49 undefined on input
 line 559.



[49]

Package natbib Warning: Citation `utproposal2023' on page 50 undefined on input
 line 561.



[50]

Package natbib Warning: Citation `algorithmtest2023' on page 51 undefined on in
put line 588.



[51]

Package natbib Warning: Citation `aclu2023' on page 52 undefined on input line 
594.


Package natbib Warning: Citation `vela2023tech' on page 52 undefined on input l
ine 596.


Package natbib Warning: Citation `housingdebate2023' on page 52 undefined on in
put line 598.



[52]

[53]

Package natbib Warning: Citation `techdeployment2024' on page 54 undefined on i
nput line 639.


Package natbib Warning: Citation `comparativecities2024' on page 54 undefined o
n input line 653.


Overfull \hbox (5.70296pt too wide) in paragraph at lines 657--658
\OT1/ptm/m/n/12 Austin's re-jec-tion of NIMBY pre-dic-tion al-go-rithms de-spit
e hav-ing the ca-pa-bil-ity il-lu-mi-nates broader
 []



[54]

Package natbib Warning: Citation `chen2024reflection' on page 55 undefined on i
nput line 667.



[55]

Package natbib Warning: Citation `torres2024counterfactual' on page 56 undefine
d on input line 690.



[56]

Package natbib Warning: Citation `light2024smart' on page 57 undefined on input
 line 706.


Package natbib Warning: Citation `summary_stats_2025' on page 57 undefined on i
nput line 712.


Package natbib Warning: Citation `austin_assessment_2025' on page 57 undefined 
on input line 714.


Package natbib Warning: Citation `future_research_2025' on page 57 undefined on
 input line 716.



[57]

Package natbib Warning: Citation `fischel_revisited_2024' on page 58 undefined 
on input line 720.


Package natbib Warning: Citation `lens2024' on page 58 undefined on input line 
722.


Package natbib Warning: Citation `thelen_update_2024' on page 58 undefined on i
nput line 724.


Package natbib Warning: Citation `metro_governance_2024' on page 58 undefined o
n input line 728.


Package natbib Warning: Citation `democracy_housing_2024' on page 58 undefined 
on input line 730.



[58]

Package natbib Warning: Citation `urban_capacity_2024' on page 59 undefined on 
input line 732.


Package natbib Warning: Citation `diffusion_2024' on page 59 undefined on input
 line 736.


Package natbib Warning: Citation `context_matters_2024' on page 59 undefined on
 input line 738.


Package natbib Warning: Citation `federal_role_2024' on page 59 undefined on in
put line 740.


Package natbib Warning: Citation `outlook_2025' on page 59 undefined on input l
ine 744.



[59]

Package natbib Warning: Citation `metrics_2025' on page 60 undefined on input l
ine 746.


Package natbib Warning: Citation `lessons_2025' on page 60 undefined on input l
ine 748.


Package natbib Warning: Citation `hope_2025' on page 60 undefined on input line
 752.


Package natbib Warning: Citation `reality_2025' on page 60 undefined on input l
ine 754.


Package natbib Warning: Citation `conclusion_2025' on page 60 undefined on inpu
t line 756.



[60]
No file Austin_Housing_LaTeX.bbl.

Package natbib Warning: There were undefined citations.



[61]
(C:\Users\dhl\data\thesis\thesis\Austin_Housing_LaTeX.d\Austin_Housing_LaTeX.au
x)
 ***********
LaTeX2e <2025-06-01> patch level 1
L3 programming layer <2025-09-02>
 ***********


Package rerunfilecheck Warning: File `Austin_Housing_LaTeX.out' has changed.
(rerunfilecheck)                Rerun to get outlines right
(rerunfilecheck)                or use package `bookmark'.

Package rerunfilecheck Info: Checksums for `Austin_Housing_LaTeX.out':
(rerunfilecheck)             Before: 626F0CCB12B3367CF37BD579F5EBF2CC;18664
(rerunfilecheck)             After:  9DD9077EF14A95B0D7EBECCB7E3A89CF;18588.
 ) 
Here is how much of TeX's memory you used:
 11980 strings out of 468081
 191826 string characters out of 5426756
 612765 words of memory out of 5000000
 40364 multiletter control sequences out of 15000+600000
 645035 words of font info for 70 fonts, out of 8000000 for 9000
 1141 hyphenation exceptions out of 8191
 75i,9n,79p,1070b,544s stack positions out of 10000i,1000n,20000p,200000b,200000s
<C:/Users/dhl/AppData/Local/Programs/MiKTeX/fonts/type1/urw/times/utmb8a.pfb>
<C:/Users/dhl/AppData/Local/Programs/MiKTeX/fonts/type1/urw/times/utmr8a.pfb>
Output written on C:\Users\dhl\data\thesis\thesis\Austin_Housing_LaTeX.d\Austin
_Housing_LaTeX.pdf (61 pages, 232992 bytes).
PDF statistics:
 697 PDF objects out of 1000 (max. 8388607)
 148 named destinations out of 1000 (max. 500000)
 609 words of extra memory for PDF output out of 10000 (max. 10000000)

