This is pdfTeX, Version 3.141592653-2.6-1.40.28 (MiKTeX 25.12) (preloaded format=pdflatex.fmt)
 restricted \write18 enabled.
entering extended mode
(Reader_Report.tex
LaTeX2e <2025-11-01>
L3 programming layer <2025-12-24>
(C:\Users\dhl\AppData\Local\Programs\MiKTeX\tex/latex/base\article.cls
Document Class: article 2025/01/22 v1.4n Standard LaTeX document class
(C:\Users\dhl\AppData\Local\Programs\MiKTeX\tex/latex/base\size11.clo))
(C:\Users\dhl\AppData\Local\Programs\MiKTeX\tex/latex/base\inputenc.sty)
(C:\Users\dhl\AppData\Local\Programs\MiKTeX\tex/latex/geometry\geometry.sty
(C:\Users\dhl\AppData\Local\Programs\MiKTeX\tex/latex/graphics\keyval.sty)
(C:\Users\dhl\AppData\Local\Programs\MiKTeX\tex/generic/iftex\ifvtex.sty
(C:\Users\dhl\AppData\Local\Programs\MiKTeX\tex/generic/iftex\iftex.sty))
(C:\Users\dhl\AppData\Local\Programs\MiKTeX\tex/latex/geometry\geometry.cfg))
(C:\Users\dhl\AppData\Local\Programs\MiKTeX\tex/latex/titlesec\titlesec.sty)
(C:\Users\dhl\AppData\Local\Programs\MiKTeX\tex/latex/parskip\parskip.sty
(C:\Users\dhl\AppData\Local\Programs\MiKTeX\tex/latex/kvoptions\kvoptions.sty
(C:\Users\dhl\AppData\Local\Programs\MiKTeX\tex/generic/ltxcmds\ltxcmds.sty)
(C:\Users\dhl\AppData\Local\Programs\MiKTeX\tex/latex/kvsetkeys\kvsetkeys.sty))
 (C:\Users\dhl\AppData\Local\Programs\MiKTeX\tex/latex/etoolbox\etoolbox.sty))
(C:\Users\dhl\AppData\Local\Programs\MiKTeX\tex/latex/fancyhdr\fancyhdr.sty)
(C:\Users\dhl\AppData\Local\Programs\MiKTeX\tex/latex/amsmath\amsmath.sty
For additional information on amsmath, use the `?' option.
(C:\Users\dhl\AppData\Local\Programs\MiKTeX\tex/latex/amsmath\amstext.sty
(C:\Users\dhl\AppData\Local\Programs\MiKTeX\tex/latex/amsmath\amsgen.sty))
(C:\Users\dhl\AppData\Local\Programs\MiKTeX\tex/latex/amsmath\amsbsy.sty)
(C:\Users\dhl\AppData\Local\Programs\MiKTeX\tex/latex/amsmath\amsopn.sty))
(C:\Users\dhl\AppData\Local\Programs\MiKTeX\tex/latex/amsfonts\amssymb.sty
(C:\Users\dhl\AppData\Local\Programs\MiKTeX\tex/latex/amsfonts\amsfonts.sty))
(C:\Users\dhl\AppData\Local\Programs\MiKTeX\tex/latex/natbib\natbib.sty)
(C:\Users\dhl\AppData\Local\Programs\MiKTeX\tex/latex/pgf/frontendlayer\tikz.st
y (C:\Users\dhl\AppData\Local\Programs\MiKTeX\tex/latex/pgf/basiclayer\pgf.sty
(C:\Users\dhl\AppData\Local\Programs\MiKTeX\tex/latex/pgf/utilities\pgfrcs.sty
(C:\Users\dhl\AppData\Local\Programs\MiKTeX\tex/generic/pgf/utilities\pgfutil-c
ommon.tex)
(C:\Users\dhl\AppData\Local\Programs\MiKTeX\tex/generic/pgf/utilities\pgfutil-l
atex.def)
(C:\Users\dhl\AppData\Local\Programs\MiKTeX\tex/generic/pgf/utilities\pgfrcs.co
de.tex
(C:\Users\dhl\AppData\Local\Programs\MiKTeX\tex/generic/pgf\pgf.revision.tex)))

(C:\Users\dhl\AppData\Local\Programs\MiKTeX\tex/latex/pgf/basiclayer\pgfcore.st
y (C:\Users\dhl\AppData\Local\Programs\MiKTeX\tex/latex/graphics\graphicx.sty
(C:\Users\dhl\AppData\Local\Programs\MiKTeX\tex/latex/graphics\graphics.sty
(C:\Users\dhl\AppData\Local\Programs\MiKTeX\tex/latex/graphics\trig.sty)
(C:\Users\dhl\AppData\Local\Programs\MiKTeX\tex/latex/graphics-cfg\graphics.cfg
) (C:\Users\dhl\AppData\Local\Programs\MiKTeX\tex/latex/graphics-def\pdftex.def
)))
(C:\Users\dhl\AppData\Local\Programs\MiKTeX\tex/latex/pgf/systemlayer\pgfsys.st
y
(C:\Users\dhl\AppData\Local\Programs\MiKTeX\tex/generic/pgf/systemlayer\pgfsys.
code.tex
(C:\Users\dhl\AppData\Local\Programs\MiKTeX\tex/generic/pgf/utilities\pgfkeys.c
ode.tex
(C:\Users\dhl\AppData\Local\Programs\MiKTeX\tex/generic/pgf/utilities\pgfkeysli
braryfiltered.code.tex))
(C:\Users\dhl\AppData\Local\Programs\MiKTeX\tex/generic/pgf/systemlayer\pgf.cfg
)
(C:\Users\dhl\AppData\Local\Programs\MiKTeX\tex/generic/pgf/systemlayer\pgfsys-
pdftex.def
(C:\Users\dhl\AppData\Local\Programs\MiKTeX\tex/generic/pgf/systemlayer\pgfsys-
common-pdf.def)))
(C:\Users\dhl\AppData\Local\Programs\MiKTeX\tex/generic/pgf/systemlayer\pgfsyss
oftpath.code.tex)
(C:\Users\dhl\AppData\Local\Programs\MiKTeX\tex/generic/pgf/systemlayer\pgfsysp
rotocol.code.tex))
(C:\Users\dhl\AppData\Local\Programs\MiKTeX\tex/latex/xcolor\xcolor.sty
(C:\Users\dhl\AppData\Local\Programs\MiKTeX\tex/latex/graphics-cfg\color.cfg)
(C:\Users\dhl\AppData\Local\Programs\MiKTeX\tex/latex/graphics\mathcolor.ltx))
(C:\Users\dhl\AppData\Local\Programs\MiKTeX\tex/generic/pgf/basiclayer\pgfcore.
code.tex
(C:\Users\dhl\AppData\Local\Programs\MiKTeX\tex/generic/pgf/math\pgfmath.code.t
ex
(C:\Users\dhl\AppData\Local\Programs\MiKTeX\tex/generic/pgf/math\pgfmathutil.co
de.tex)
(C:\Users\dhl\AppData\Local\Programs\MiKTeX\tex/generic/pgf/math\pgfmathparser.
code.tex)
(C:\Users\dhl\AppData\Local\Programs\MiKTeX\tex/generic/pgf/math\pgfmathfunctio
ns.code.tex)
(C:\Users\dhl\AppData\Local\Programs\MiKTeX\tex/generic/pgf/math\pgfmathfunctio
ns.basic.code.tex)
(C:\Users\dhl\AppData\Local\Programs\MiKTeX\tex/generic/pgf/math\pgfmathfunctio
ns.trigonometric.code.tex)
(C:\Users\dhl\AppData\Local\Programs\MiKTeX\tex/generic/pgf/math\pgfmathfunctio
ns.random.code.tex)
(C:\Users\dhl\AppData\Local\Programs\MiKTeX\tex/generic/pgf/math\pgfmathfunctio
ns.comparison.code.tex)
(C:\Users\dhl\AppData\Local\Programs\MiKTeX\tex/generic/pgf/math\pgfmathfunctio
ns.base.code.tex)
(C:\Users\dhl\AppData\Local\Programs\MiKTeX\tex/generic/pgf/math\pgfmathfunctio
ns.round.code.tex)
(C:\Users\dhl\AppData\Local\Programs\MiKTeX\tex/generic/pgf/math\pgfmathfunctio
ns.misc.code.tex)
(C:\Users\dhl\AppData\Local\Programs\MiKTeX\tex/generic/pgf/math\pgfmathfunctio
ns.integerarithmetics.code.tex)
(C:\Users\dhl\AppData\Local\Programs\MiKTeX\tex/generic/pgf/math\pgfmathcalc.co
de.tex)
(C:\Users\dhl\AppData\Local\Programs\MiKTeX\tex/generic/pgf/math\pgfmathfloat.c
ode.tex))
(C:\Users\dhl\AppData\Local\Programs\MiKTeX\tex/generic/pgf/math\pgfint.code.te
x)
(C:\Users\dhl\AppData\Local\Programs\MiKTeX\tex/generic/pgf/basiclayer\pgfcorep
oints.code.tex)
(C:\Users\dhl\AppData\Local\Programs\MiKTeX\tex/generic/pgf/basiclayer\pgfcorep
athconstruct.code.tex)
(C:\Users\dhl\AppData\Local\Programs\MiKTeX\tex/generic/pgf/basiclayer\pgfcorep
athusage.code.tex)
(C:\Users\dhl\AppData\Local\Programs\MiKTeX\tex/generic/pgf/basiclayer\pgfcores
copes.code.tex)
(C:\Users\dhl\AppData\Local\Programs\MiKTeX\tex/generic/pgf/basiclayer\pgfcoreg
raphicstate.code.tex)
(C:\Users\dhl\AppData\Local\Programs\MiKTeX\tex/generic/pgf/basiclayer\pgfcoret
ransformations.code.tex)
(C:\Users\dhl\AppData\Local\Programs\MiKTeX\tex/generic/pgf/basiclayer\pgfcoreq
uick.code.tex)
(C:\Users\dhl\AppData\Local\Programs\MiKTeX\tex/generic/pgf/basiclayer\pgfcoreo
bjects.code.tex)
(C:\Users\dhl\AppData\Local\Programs\MiKTeX\tex/generic/pgf/basiclayer\pgfcorep
athprocessing.code.tex)
(C:\Users\dhl\AppData\Local\Programs\MiKTeX\tex/generic/pgf/basiclayer\pgfcorea
rrows.code.tex)
(C:\Users\dhl\AppData\Local\Programs\MiKTeX\tex/generic/pgf/basiclayer\pgfcores
hade.code.tex)
(C:\Users\dhl\AppData\Local\Programs\MiKTeX\tex/generic/pgf/basiclayer\pgfcorei
mage.code.tex)
(C:\Users\dhl\AppData\Local\Programs\MiKTeX\tex/generic/pgf/basiclayer\pgfcoree
xternal.code.tex)
(C:\Users\dhl\AppData\Local\Programs\MiKTeX\tex/generic/pgf/basiclayer\pgfcorel
ayers.code.tex)
(C:\Users\dhl\AppData\Local\Programs\MiKTeX\tex/generic/pgf/basiclayer\pgfcoret
ransparency.code.tex)
(C:\Users\dhl\AppData\Local\Programs\MiKTeX\tex/generic/pgf/basiclayer\pgfcorep
atterns.code.tex)
(C:\Users\dhl\AppData\Local\Programs\MiKTeX\tex/generic/pgf/basiclayer\pgfcorer
df.code.tex)))
(C:\Users\dhl\AppData\Local\Programs\MiKTeX\tex/generic/pgf/modules\pgfmodulesh
apes.code.tex)
(C:\Users\dhl\AppData\Local\Programs\MiKTeX\tex/generic/pgf/modules\pgfmodulepl
ot.code.tex)
(C:\Users\dhl\AppData\Local\Programs\MiKTeX\tex/latex/pgf/compatibility\pgfcomp
-version-0-65.sty)
(C:\Users\dhl\AppData\Local\Programs\MiKTeX\tex/latex/pgf/compatibility\pgfcomp
-version-1-18.sty))
(C:\Users\dhl\AppData\Local\Programs\MiKTeX\tex/latex/pgf/utilities\pgffor.sty
(C:\Users\dhl\AppData\Local\Programs\MiKTeX\tex/latex/pgf/utilities\pgfkeys.sty

(C:\Users\dhl\AppData\Local\Programs\MiKTeX\tex/generic/pgf/utilities\pgfkeys.c
ode.tex))
(C:\Users\dhl\AppData\Local\Programs\MiKTeX\tex/latex/pgf/math\pgfmath.sty
(C:\Users\dhl\AppData\Local\Programs\MiKTeX\tex/generic/pgf/math\pgfmath.code.t
ex))
(C:\Users\dhl\AppData\Local\Programs\MiKTeX\tex/generic/pgf/utilities\pgffor.co
de.tex))
(C:\Users\dhl\AppData\Local\Programs\MiKTeX\tex/generic/pgf/frontendlayer/tikz\
tikz.code.tex
(C:\Users\dhl\AppData\Local\Programs\MiKTeX\tex/generic/pgf/libraries\pgflibrar
yplothandlers.code.tex)
(C:\Users\dhl\AppData\Local\Programs\MiKTeX\tex/generic/pgf/modules\pgfmodulema
trix.code.tex)
(C:\Users\dhl\AppData\Local\Programs\MiKTeX\tex/generic/pgf/frontendlayer/tikz/
libraries\tikzlibrarytopaths.code.tex)))
(C:\Users\dhl\AppData\Local\Programs\MiKTeX\tex/generic/pgf/frontendlayer/tikz/
libraries\tikzlibrarypositioning.code.tex)
(C:\Users\dhl\AppData\Local\Programs\MiKTeX\tex/generic/pgf/libraries\pgflibrar
yarrows.meta.code.tex)
(C:\Users\dhl\AppData\Local\Programs\MiKTeX\tex/generic/pgf/frontendlayer/tikz/
libraries\tikzlibraryfit.code.tex)
(C:\Users\dhl\AppData\Local\Programs\MiKTeX\tex/generic/pgf/frontendlayer/tikz/
libraries\tikzlibrarybackgrounds.code.tex)
(C:\Users\dhl\AppData\Local\Programs\MiKTeX\tex/latex/hyperref\hyperref.sty
(C:\Users\dhl\AppData\Local\Programs\MiKTeX\tex/generic/kvdefinekeys\kvdefineke
ys.sty)
(C:\Users\dhl\AppData\Local\Programs\MiKTeX\tex/generic/pdfescape\pdfescape.sty

(C:\Users\dhl\AppData\Local\Programs\MiKTeX\tex/generic/pdftexcmds\pdftexcmds.s
ty
(C:\Users\dhl\AppData\Local\Programs\MiKTeX\tex/generic/infwarerr\infwarerr.sty
))) (C:\Users\dhl\AppData\Local\Programs\MiKTeX\tex/latex/hycolor\hycolor.sty)
(C:\Users\dhl\AppData\Local\Programs\MiKTeX\tex/latex/hyperref\nameref.sty
(C:\Users\dhl\AppData\Local\Programs\MiKTeX\tex/latex/refcount\refcount.sty)
(C:\Users\dhl\AppData\Local\Programs\MiKTeX\tex/generic/gettitlestring\gettitle
string.sty))
(C:\Users\dhl\AppData\Local\Programs\MiKTeX\tex/generic/stringenc\stringenc.sty
) (C:\Users\dhl\AppData\Local\Programs\MiKTeX\tex/latex/hyperref\pd1enc.def)
(C:\Users\dhl\AppData\Local\Programs\MiKTeX\tex/generic/intcalc\intcalc.sty)
(C:\Users\dhl\AppData\Local\Programs\MiKTeX\tex/latex/hyperref\puenc.def)
(C:\Users\dhl\AppData\Local\Programs\MiKTeX\tex/latex/url\url.sty)
(C:\Users\dhl\AppData\Local\Programs\MiKTeX\tex/generic/bitset\bitset.sty
(C:\Users\dhl\AppData\Local\Programs\MiKTeX\tex/generic/bigintcalc\bigintcalc.s
ty)))
(C:\Users\dhl\AppData\Local\Programs\MiKTeX\tex/latex/hyperref\hpdftex.def
(C:\Users\dhl\AppData\Local\Programs\MiKTeX\tex/latex/rerunfilecheck\rerunfilec
heck.sty
(C:\Users\dhl\AppData\Local\Programs\MiKTeX\tex/generic/uniquecounter\uniquecou
nter.sty)))
(C:\Users\dhl\AppData\Local\Programs\MiKTeX\tex/latex/l3backend\l3backend-pdfte
x.def) (Reader_Report.aux)
*geometry* driver: auto-detecting
*geometry* detected driver: pdftex

(C:\Users\dhl\AppData\Local\Programs\MiKTeX\tex/context/base/mkii\supp-pdf.mkii
[Loading MPS to PDF converter (version 2006.09.02).]
)
(C:\Users\dhl\AppData\Local\Programs\MiKTeX\tex/latex/epstopdf-pkg\epstopdf-bas
e.sty
(C:\Users\dhl\AppData\Local\Programs\MiKTeX\tex/latex/00miktex\epstopdf-sys.cfg
)) (Reader_Report.out) (Reader_Report.out)
(C:\Users\dhl\AppData\Local\Programs\MiKTeX\tex/latex/amsfonts\umsa.fd)
(C:\Users\dhl\AppData\Local\Programs\MiKTeX\tex/latex/amsfonts\umsb.fd)
Underfull \vbox (badness 10000) has occurred while \output is active [1{C:/User
s/dhl/AppData/Local/MiKTeX/fonts/map/pdftex/pdftex.map}] [2] (Reader_Report.bbl
 [3]) [4] (Reader_Report.aux) )
(see the transcript file for additional information) <C:\Users\dhl\AppData\Loca
l\MiKTeX\fonts/pk/ljfour/jknappen/ec/dpi600\tcrm1095.pk><C:/Users/dhl/AppData/L
ocal/Programs/MiKTeX/fonts/type1/public/amsfonts/cm/cmbx10.pfb><C:/Users/dhl/Ap
pData/Local/Programs/MiKTeX/fonts/type1/public/amsfonts/cm/cmbx12.pfb><C:/Users
/dhl/AppData/Local/Programs/MiKTeX/fonts/type1/public/amsfonts/cm/cmex10.pfb><C
:/Users/dhl/AppData/Local/Programs/MiKTeX/fonts/type1/public/amsfonts/cm/cmmi10
.pfb><C:/Users/dhl/AppData/Local/Programs/MiKTeX/fonts/type1/public/amsfonts/cm
/cmmi8.pfb><C:/Users/dhl/AppData/Local/Programs/MiKTeX/fonts/type1/public/amsfo
nts/cm/cmr10.pfb><C:/Users/dhl/AppData/Local/Programs/MiKTeX/fonts/type1/public
/amsfonts/cm/cmr12.pfb><C:/Users/dhl/AppData/Local/Programs/MiKTeX/fonts/type1/
public/amsfonts/cm/cmr8.pfb><C:/Users/dhl/AppData/Local/Programs/MiKTeX/fonts/t
ype1/public/amsfonts/cm/cmr9.pfb><C:/Users/dhl/AppData/Local/Programs/MiKTeX/fo
nts/type1/public/amsfonts/cm/cmsy10.pfb><C:/Users/dhl/AppData/Local/Programs/Mi
KTeX/fonts/type1/public/amsfonts/cm/cmsy8.pfb><C:/Users/dhl/AppData/Local/Progr
ams/MiKTeX/fonts/type1/public/amsfonts/cm/cmti10.pfb><C:/Users/dhl/AppData/Loca
l/Programs/MiKTeX/fonts/type1/public/amsfonts/cm/cmti8.pfb><C:/Users/dhl/AppDat
a/Local/Programs/MiKTeX/fonts/type1/public/amsfonts/cm/cmtt10.pfb><C:/Users/dhl
/AppData/Local/Programs/MiKTeX/fonts/type1/public/amsfonts/cm/cmtt8.pfb><C:/Use
rs/dhl/AppData/Local/Programs/MiKTeX/fonts/type1/public/amsfonts/symbols/msbm10
.pfb>
Output written on Reader_Report.pdf (4 pages, 227633 bytes).
Transcript written on Reader_Report.log.
