This is pdfTeX, Version 3.141592653-2.6-1.40.28 (MiKTeX 25.12) (preloaded format=pdflatex 2026.2.23)  18 MAY 2026 21:06
entering extended mode
 restricted \write18 enabled.
 %&-line parsing enabled.
**./STAT8101_Final_Project.tex
(STAT8101_Final_Project.tex
LaTeX2e <2025-11-01>
L3 programming layer <2025-12-24>
(C:\Users\dhl\AppData\Local\Programs\MiKTeX\tex/latex/base\article.cls
Document Class: article 2025/01/22 v1.4n Standard LaTeX document class
(C:\Users\dhl\AppData\Local\Programs\MiKTeX\tex/latex/base\size11.clo
File: size11.clo 2025/01/22 v1.4n Standard LaTeX file (size option)
)
\c@part=\count275
\c@section=\count276
\c@subsection=\count277
\c@subsubsection=\count278
\c@paragraph=\count279
\c@subparagraph=\count280
\c@figure=\count281
\c@table=\count282
\abovecaptionskip=\skip49
\belowcaptionskip=\skip50
\bibindent=\dimen148
)
(jmlr2e.sty
Document Style `jmlr'.
(C:\Users\dhl\AppData\Local\Programs\MiKTeX\tex/latex/graphics\epsfig.sty
Package: epsfig 2024/01/14 v1.7b (e)psfig emulation (SPQR)

(C:\Users\dhl\AppData\Local\Programs\MiKTeX\tex/latex/graphics\graphicx.sty
Package: graphicx 2024/12/31 v1.2e Enhanced LaTeX Graphics (DPC,SPQR)

(C:\Users\dhl\AppData\Local\Programs\MiKTeX\tex/latex/graphics\keyval.sty
Package: keyval 2022/05/29 v1.15 key=value parser (DPC)
\KV@toks@=\toks17
)
(C:\Users\dhl\AppData\Local\Programs\MiKTeX\tex/latex/graphics\graphics.sty
Package: graphics 2024/08/06 v1.4g Standard LaTeX Graphics (DPC,SPQR)

(C:\Users\dhl\AppData\Local\Programs\MiKTeX\tex/latex/graphics\trig.sty
Package: trig 2023/12/02 v1.11 sin cos tan (DPC)
)
(C:\Users\dhl\AppData\Local\Programs\MiKTeX\tex/latex/graphics-cfg\graphics.cfg
File: graphics.cfg 2016/06/04 v1.11 sample graphics configuration
)
Package graphics Info: Driver file: pdftex.def on input line 106.
 (C:\Users\dhl\AppData\Local\Programs\MiKTeX\tex/latex/graphics-def\pdftex.def
File: pdftex.def 2025/09/29 v1.2d Graphics/color driver for pdftex
))
\Gin@req@height=\dimen149
\Gin@req@width=\dimen150
)
\epsfxsize=\dimen151
\epsfysize=\dimen152
) (C:\Users\dhl\AppData\Local\Programs\MiKTeX\tex/latex/amsfonts\amssymb.sty
Package: amssymb 2013/01/14 v3.01 AMS font symbols
(C:\Users\dhl\AppData\Local\Programs\MiKTeX\tex/latex/amsfonts\amsfonts.sty
Package: amsfonts 2013/01/14 v3.01 Basic AMSFonts support
\@emptytoks=\toks18
\symAMSa=\mathgroup4
\symAMSb=\mathgroup5
LaTeX Font Info:    Redeclaring math symbol \hbar on input line 98.
LaTeX Font Info:    Overwriting math alphabet `\mathfrak' in version `bold'
(Font)                  U/euf/m/n --> U/euf/b/n on input line 106.
))
(C:\Users\dhl\AppData\Local\Programs\MiKTeX\tex/latex/natbib\natbib.sty
Package: natbib 2010/09/13 8.31b (PWD, AO)
\bibhang=\skip51
\bibsep=\skip52
LaTeX Info: Redefining \cite on input line 694.
\c@NAT@ctr=\count283
)
(C:\Users\dhl\AppData\Local\Programs\MiKTeX\tex/latex/hyperref\hyperref.sty
Package: hyperref 2025-07-12 v7.01o Hypertext links for LaTeX

(C:\Users\dhl\AppData\Local\Programs\MiKTeX\tex/generic/iftex\iftex.sty
Package: iftex 2024/12/12 v1.0g TeX engine tests
)
(C:\Users\dhl\AppData\Local\Programs\MiKTeX\tex/latex/kvsetkeys\kvsetkeys.sty
Package: kvsetkeys 2022-10-05 v1.19 Key value parser (HO)
)
(C:\Users\dhl\AppData\Local\Programs\MiKTeX\tex/generic/kvdefinekeys\kvdefineke
ys.sty
Package: kvdefinekeys 2019-12-19 v1.6 Define keys (HO)
)
(C:\Users\dhl\AppData\Local\Programs\MiKTeX\tex/generic/pdfescape\pdfescape.sty
Package: pdfescape 2019/12/09 v1.15 Implements pdfTeX's escape features (HO)
(C:\Users\dhl\AppData\Local\Programs\MiKTeX\tex/generic/ltxcmds\ltxcmds.sty
Package: ltxcmds 2023-12-04 v1.26 LaTeX kernel commands for general use (HO)
)
(C:\Users\dhl\AppData\Local\Programs\MiKTeX\tex/generic/pdftexcmds\pdftexcmds.s
ty
Package: pdftexcmds 2020-06-27 v0.33 Utility functions of pdfTeX for LuaTeX (HO
)

(C:\Users\dhl\AppData\Local\Programs\MiKTeX\tex/generic/infwarerr\infwarerr.sty
Package: infwarerr 2019/12/03 v1.5 Providing info/warning/error messages (HO)
)
Package pdftexcmds Info: \pdf@primitive is available.
Package pdftexcmds Info: \pdf@ifprimitive is available.
Package pdftexcmds Info: \pdfdraftmode found.
)) (C:\Users\dhl\AppData\Local\Programs\MiKTeX\tex/latex/hycolor\hycolor.sty
Package: hycolor 2020-01-27 v1.10 Color options for hyperref/bookmark (HO)
)
(C:\Users\dhl\AppData\Local\Programs\MiKTeX\tex/latex/hyperref\nameref.sty
Package: nameref 2025-06-21 v2.57 Cross-referencing by name of section

(C:\Users\dhl\AppData\Local\Programs\MiKTeX\tex/latex/refcount\refcount.sty
Package: refcount 2019/12/15 v3.6 Data extraction from label references (HO)
)
(C:\Users\dhl\AppData\Local\Programs\MiKTeX\tex/generic/gettitlestring\gettitle
string.sty
Package: gettitlestring 2019/12/15 v1.6 Cleanup title references (HO)

(C:\Users\dhl\AppData\Local\Programs\MiKTeX\tex/latex/kvoptions\kvoptions.sty
Package: kvoptions 2022-06-15 v3.15 Key value format for package options (HO)
))
\c@section@level=\count284
) (C:\Users\dhl\AppData\Local\Programs\MiKTeX\tex/latex/etoolbox\etoolbox.sty
Package: etoolbox 2025/10/02 v2.5m e-TeX tools for LaTeX (JAW)
\etb@tempcnta=\count285
)
(C:\Users\dhl\AppData\Local\Programs\MiKTeX\tex/generic/stringenc\stringenc.sty
Package: stringenc 2019/11/29 v1.12 Convert strings between diff. encodings (HO
)
)
\@linkdim=\dimen153
\Hy@linkcounter=\count286
\Hy@pagecounter=\count287
 (C:\Users\dhl\AppData\Local\Programs\MiKTeX\tex/latex/hyperref\pd1enc.def
File: pd1enc.def 2025-07-12 v7.01o Hyperref: PDFDocEncoding definition (HO)
Now handling font encoding PD1 ...
... no UTF-8 mapping file for font encoding PD1
)
(C:\Users\dhl\AppData\Local\Programs\MiKTeX\tex/generic/intcalc\intcalc.sty
Package: intcalc 2019/12/15 v1.3 Expandable calculations with integers (HO)
)
\Hy@SavedSpaceFactor=\count288

(C:\Users\dhl\AppData\Local\Programs\MiKTeX\tex/latex/hyperref\puenc.def
File: puenc.def 2025-07-12 v7.01o Hyperref: PDF Unicode definition (HO)
Now handling font encoding PU ...
... no UTF-8 mapping file for font encoding PU
)
Package hyperref Info: Option `colorlinks' set `false' on input line 4066.
Package hyperref Info: Hyper figures OFF on input line 4195.
Package hyperref Info: Link nesting OFF on input line 4200.
Package hyperref Info: Hyper index ON on input line 4203.
Package hyperref Info: Plain pages OFF on input line 4210.
Package hyperref Info: Backreferencing OFF on input line 4215.
Package hyperref Info: Implicit mode ON; LaTeX internals redefined.
Package hyperref Info: Bookmarks ON on input line 4462.
\c@Hy@tempcnt=\count289

(C:\Users\dhl\AppData\Local\Programs\MiKTeX\tex/latex/url\url.sty
\Urlmuskip=\muskip17
Package: url 2013/09/16  ver 3.4  Verb mode for urls, etc.
)
LaTeX Info: Redefining \url on input line 4801.
\XeTeXLinkMargin=\dimen154

(C:\Users\dhl\AppData\Local\Programs\MiKTeX\tex/generic/bitset\bitset.sty
Package: bitset 2019/12/09 v1.3 Handle bit-vector datatype (HO)

(C:\Users\dhl\AppData\Local\Programs\MiKTeX\tex/generic/bigintcalc\bigintcalc.s
ty
Package: bigintcalc 2019/12/15 v1.5 Expandable calculations on big integers (HO
)
))
\Fld@menulength=\count290
\Field@Width=\dimen155
\Fld@charsize=\dimen156
Package hyperref Info: Hyper figures OFF on input line 6078.
Package hyperref Info: Link nesting OFF on input line 6083.
Package hyperref Info: Hyper index ON on input line 6086.
Package hyperref Info: backreferencing OFF on input line 6093.
Package hyperref Info: Link coloring OFF on input line 6098.
Package hyperref Info: Link coloring with OCG OFF on input line 6103.
Package hyperref Info: PDF/A mode OFF on input line 6108.
\Hy@abspage=\count291
\c@Item=\count292
\c@Hfootnote=\count293
)
Package hyperref Info: Driver (autodetected): hpdftex.

(C:\Users\dhl\AppData\Local\Programs\MiKTeX\tex/latex/hyperref\hpdftex.def
File: hpdftex.def 2025-07-12 v7.01o Hyperref driver for pdfTeX
\Fld@listcount=\count294
\c@bookmark@seq@number=\count295

(C:\Users\dhl\AppData\Local\Programs\MiKTeX\tex/latex/rerunfilecheck\rerunfilec
heck.sty
Package: rerunfilecheck 2025-06-21 v1.11 Rerun checks for auxiliary files (HO)

(C:\Users\dhl\AppData\Local\Programs\MiKTeX\tex/generic/uniquecounter\uniquecou
nter.sty
Package: uniquecounter 2019/12/15 v1.4 Provide unlimited unique counter (HO)
)
Package uniquecounter Info: New unique counter `rerunfilecheck' on input line 2
84.
)
\Hy@SectionHShift=\skip53
)
\aftertitskip=\skip54
\beforetitskip=\skip55
\interauthorskip=\skip56
\aftermaketitskip=\skip57
\c@example=\count296
\c@theorem=\count297
)
(C:\Users\dhl\AppData\Local\Programs\MiKTeX\tex/latex/base\inputenc.sty
Package: inputenc 2024/02/08 v1.3d Input encoding file
\inpenc@prehook=\toks19
\inpenc@posthook=\toks20
)
(C:\Users\dhl\AppData\Local\Programs\MiKTeX\tex/latex/base\fontenc.sty
Package: fontenc 2025/07/18 v2.1d Standard LaTeX package
)
(C:\Users\dhl\AppData\Local\Programs\MiKTeX\tex/latex/amsmath\amsmath.sty
Package: amsmath 2025/07/09 v2.17z AMS math features
\@mathmargin=\skip58

For additional information on amsmath, use the `?' option.
(C:\Users\dhl\AppData\Local\Programs\MiKTeX\tex/latex/amsmath\amstext.sty
Package: amstext 2024/11/17 v2.01 AMS text

(C:\Users\dhl\AppData\Local\Programs\MiKTeX\tex/latex/amsmath\amsgen.sty
File: amsgen.sty 1999/11/30 v2.0 generic functions
\@emptytoks=\toks21
\ex@=\dimen157
))
(C:\Users\dhl\AppData\Local\Programs\MiKTeX\tex/latex/amsmath\amsbsy.sty
Package: amsbsy 1999/11/29 v1.2d Bold Symbols
\pmbraise@=\dimen158
)
(C:\Users\dhl\AppData\Local\Programs\MiKTeX\tex/latex/amsmath\amsopn.sty
Package: amsopn 2022/04/08 v2.04 operator names
)
\inf@bad=\count298
LaTeX Info: Redefining \frac on input line 233.
\uproot@=\count299
\leftroot@=\count300
LaTeX Info: Redefining \overline on input line 398.
LaTeX Info: Redefining \colon on input line 409.
\classnum@=\count301
\DOTSCASE@=\count302
LaTeX Info: Redefining \ldots on input line 495.
LaTeX Info: Redefining \dots on input line 498.
LaTeX Info: Redefining \cdots on input line 619.
\Mathstrutbox@=\box53
\strutbox@=\box54
LaTeX Info: Redefining \big on input line 721.
LaTeX Info: Redefining \Big on input line 722.
LaTeX Info: Redefining \bigg on input line 723.
LaTeX Info: Redefining \Bigg on input line 724.
\big@size=\dimen159
LaTeX Font Info:    Redeclaring font encoding OML on input line 742.
LaTeX Font Info:    Redeclaring font encoding OMS on input line 743.
\macc@depth=\count303
LaTeX Info: Redefining \bmod on input line 904.
LaTeX Info: Redefining \pmod on input line 909.
LaTeX Info: Redefining \smash on input line 939.
LaTeX Info: Redefining \relbar on input line 969.
LaTeX Info: Redefining \Relbar on input line 970.
\c@MaxMatrixCols=\count304
\dotsspace@=\muskip18
\c@parentequation=\count305
\dspbrk@lvl=\count306
\tag@help=\toks22
\row@=\count307
\column@=\count308
\maxfields@=\count309
\andhelp@=\toks23
\eqnshift@=\dimen160
\alignsep@=\dimen161
\tagshift@=\dimen162
\tagwidth@=\dimen163
\totwidth@=\dimen164
\lineht@=\dimen165
\@envbody=\toks24
\multlinegap=\skip59
\multlinetaggap=\skip60
\mathdisplay@stack=\toks25
LaTeX Info: Redefining \[ on input line 2950.
LaTeX Info: Redefining \] on input line 2951.
)
(C:\Users\dhl\AppData\Local\Programs\MiKTeX\tex/latex/booktabs\booktabs.sty
Package: booktabs 2020/01/12 v1.61803398 Publication quality tables
\heavyrulewidth=\dimen166
\lightrulewidth=\dimen167
\cmidrulewidth=\dimen168
\belowrulesep=\dimen169
\belowbottomsep=\dimen170
\aboverulesep=\dimen171
\abovetopsep=\dimen172
\cmidrulesep=\dimen173
\cmidrulekern=\dimen174
\defaultaddspace=\dimen175
\@cmidla=\count310
\@cmidlb=\count311
\@aboverulesep=\dimen176
\@belowrulesep=\dimen177
\@thisruleclass=\count312
\@lastruleclass=\count313
\@thisrulewidth=\dimen178
)
(C:\Users\dhl\AppData\Local\Programs\MiKTeX\tex/latex/float\float.sty
Package: float 2001/11/08 v1.3d Float enhancements (AL)
\c@float@type=\count314
\float@exts=\toks26
\float@box=\box55
\@float@everytoks=\toks27
\@floatcapt=\box56
)
(C:\Users\dhl\AppData\Local\Programs\MiKTeX\tex/latex/caption\subcaption.sty
Package: subcaption 2023/07/28 v1.6b Sub-captions (AR)

(C:\Users\dhl\AppData\Local\Programs\MiKTeX\tex/latex/caption\caption.sty
Package: caption 2023/08/05 v3.6o Customizing captions (AR)

(C:\Users\dhl\AppData\Local\Programs\MiKTeX\tex/latex/caption\caption3.sty
Package: caption3 2023/07/31 v2.4d caption3 kernel (AR)
\caption@tempdima=\dimen179
\captionmargin=\dimen180
\caption@leftmargin=\dimen181
\caption@rightmargin=\dimen182
\caption@width=\dimen183
\caption@indent=\dimen184
\caption@parindent=\dimen185
\caption@hangindent=\dimen186
Package caption Info: Unknown document class (or package),
(caption)             standard defaults will be used.
Package caption Info: \@makecaption = \long macro:#1#2-> \vskip 10pt \setbox \@
tempboxa \hbox {#1: #2} \ifdim \wd \@tempboxa >\hsize \begin {list}{#1:}{ \sett
owidth {\labelwidth }{#1:} \setlength {\leftmargin }{\labelwidth } \addtolength
 {\leftmargin }{\labelsep } }\item #2 \end {list}\par \else \hbox to\hsize {\hf
il \box \@tempboxa \hfil } \fi  on input line 1175.
)

Package caption Warning: Unknown document class (or package),
(caption)                standard defaults will be used.
See the caption package documentation for explanation.

\c@caption@flags=\count315
\c@continuedfloat=\count316
Package caption Info: float package is loaded.
Package caption Info: hyperref package is loaded.
)
Package caption Info: New subtype `subfigure' on input line 238.
\c@subfigure=\count317
Package caption Info: New subtype `subtable' on input line 238.
\c@subtable=\count318
) (C:\Users\dhl\AppData\Local\Programs\MiKTeX\tex/latex/enumitem\enumitem.sty
Package: enumitem 2025/02/06 v3.11 Customized lists
\labelindent=\skip61
\enit@outerparindent=\dimen187
\enit@toks=\toks28
\enit@inbox=\box57
\enit@count@id=\count319
\enitdp@description=\count320
)
(C:\Users\dhl\AppData\Local\Programs\MiKTeX\tex/latex/pgf/frontendlayer\tikz.st
y (C:\Users\dhl\AppData\Local\Programs\MiKTeX\tex/latex/pgf/basiclayer\pgf.sty
(C:\Users\dhl\AppData\Local\Programs\MiKTeX\tex/latex/pgf/utilities\pgfrcs.sty
(C:\Users\dhl\AppData\Local\Programs\MiKTeX\tex/generic/pgf/utilities\pgfutil-c
ommon.tex
\pgfutil@everybye=\toks29
\pgfutil@tempdima=\dimen188
\pgfutil@tempdimb=\dimen189
)
(C:\Users\dhl\AppData\Local\Programs\MiKTeX\tex/generic/pgf/utilities\pgfutil-l
atex.def
\pgfutil@abb=\box58
)
(C:\Users\dhl\AppData\Local\Programs\MiKTeX\tex/generic/pgf/utilities\pgfrcs.co
de.tex
(C:\Users\dhl\AppData\Local\Programs\MiKTeX\tex/generic/pgf\pgf.revision.tex)
Package: pgfrcs 2025-08-29 v3.1.11a (3.1.11a)
))
Package: pgf 2025-08-29 v3.1.11a (3.1.11a)

(C:\Users\dhl\AppData\Local\Programs\MiKTeX\tex/latex/pgf/basiclayer\pgfcore.st
y
(C:\Users\dhl\AppData\Local\Programs\MiKTeX\tex/latex/pgf/systemlayer\pgfsys.st
y
(C:\Users\dhl\AppData\Local\Programs\MiKTeX\tex/generic/pgf/systemlayer\pgfsys.
code.tex
Package: pgfsys 2025-08-29 v3.1.11a (3.1.11a)

(C:\Users\dhl\AppData\Local\Programs\MiKTeX\tex/generic/pgf/utilities\pgfkeys.c
ode.tex
\pgfkeys@pathtoks=\toks30
\pgfkeys@temptoks=\toks31

(C:\Users\dhl\AppData\Local\Programs\MiKTeX\tex/generic/pgf/utilities\pgfkeysli
braryfiltered.code.tex
\pgfkeys@tmptoks=\toks32
))
\pgf@x=\dimen190
\pgf@y=\dimen191
\pgf@xa=\dimen192
\pgf@ya=\dimen193
\pgf@xb=\dimen194
\pgf@yb=\dimen195
\pgf@xc=\dimen196
\pgf@yc=\dimen197
\pgf@xd=\dimen198
\pgf@yd=\dimen199
\w@pgf@writea=\write3
\r@pgf@reada=\read2
\c@pgf@counta=\count321
\c@pgf@countb=\count322
\c@pgf@countc=\count323
\c@pgf@countd=\count324
\t@pgf@toka=\toks33
\t@pgf@tokb=\toks34
\t@pgf@tokc=\toks35
\pgf@sys@id@count=\count325

(C:\Users\dhl\AppData\Local\Programs\MiKTeX\tex/generic/pgf/systemlayer\pgf.cfg
File: pgf.cfg 2025-08-29 v3.1.11a (3.1.11a)
)
Driver file for pgf: pgfsys-pdftex.def

(C:\Users\dhl\AppData\Local\Programs\MiKTeX\tex/generic/pgf/systemlayer\pgfsys-
pdftex.def
File: pgfsys-pdftex.def 2025-08-29 v3.1.11a (3.1.11a)

(C:\Users\dhl\AppData\Local\Programs\MiKTeX\tex/generic/pgf/systemlayer\pgfsys-
common-pdf.def
File: pgfsys-common-pdf.def 2025-08-29 v3.1.11a (3.1.11a)
)))
(C:\Users\dhl\AppData\Local\Programs\MiKTeX\tex/generic/pgf/systemlayer\pgfsyss
oftpath.code.tex
File: pgfsyssoftpath.code.tex 2025-08-29 v3.1.11a (3.1.11a)
\pgfsyssoftpath@smallbuffer@items=\count326
\pgfsyssoftpath@bigbuffer@items=\count327
)
(C:\Users\dhl\AppData\Local\Programs\MiKTeX\tex/generic/pgf/systemlayer\pgfsysp
rotocol.code.tex
File: pgfsysprotocol.code.tex 2025-08-29 v3.1.11a (3.1.11a)
))
(C:\Users\dhl\AppData\Local\Programs\MiKTeX\tex/latex/xcolor\xcolor.sty
Package: xcolor 2024/09/29 v3.02 LaTeX color extensions (UK)

(C:\Users\dhl\AppData\Local\Programs\MiKTeX\tex/latex/graphics-cfg\color.cfg
File: color.cfg 2016/01/02 v1.6 sample color configuration
)
Package xcolor Info: Driver file: pdftex.def on input line 274.

(C:\Users\dhl\AppData\Local\Programs\MiKTeX\tex/latex/graphics\mathcolor.ltx)
Package xcolor Info: Model `cmy' substituted by `cmy0' on input line 1349.
Package xcolor Info: Model `hsb' substituted by `rgb' on input line 1353.
Package xcolor Info: Model `RGB' extended on input line 1365.
Package xcolor Info: Model `HTML' substituted by `rgb' on input line 1367.
Package xcolor Info: Model `Hsb' substituted by `hsb' on input line 1368.
Package xcolor Info: Model `tHsb' substituted by `hsb' on input line 1369.
Package xcolor Info: Model `HSB' substituted by `hsb' on input line 1370.
Package xcolor Info: Model `Gray' substituted by `gray' on input line 1371.
Package xcolor Info: Model `wave' substituted by `hsb' on input line 1372.
)
(C:\Users\dhl\AppData\Local\Programs\MiKTeX\tex/generic/pgf/basiclayer\pgfcore.
code.tex
Package: pgfcore 2025-08-29 v3.1.11a (3.1.11a)

(C:\Users\dhl\AppData\Local\Programs\MiKTeX\tex/generic/pgf/math\pgfmath.code.t
ex
(C:\Users\dhl\AppData\Local\Programs\MiKTeX\tex/generic/pgf/math\pgfmathutil.co
de.tex)
(C:\Users\dhl\AppData\Local\Programs\MiKTeX\tex/generic/pgf/math\pgfmathparser.
code.tex
\pgfmath@dimen=\dimen256
\pgfmath@count=\count328
\pgfmath@box=\box59
\pgfmath@toks=\toks36
\pgfmath@stack@operand=\toks37
\pgfmath@stack@operation=\toks38
)
(C:\Users\dhl\AppData\Local\Programs\MiKTeX\tex/generic/pgf/math\pgfmathfunctio
ns.code.tex)
(C:\Users\dhl\AppData\Local\Programs\MiKTeX\tex/generic/pgf/math\pgfmathfunctio
ns.basic.code.tex)
(C:\Users\dhl\AppData\Local\Programs\MiKTeX\tex/generic/pgf/math\pgfmathfunctio
ns.trigonometric.code.tex)
(C:\Users\dhl\AppData\Local\Programs\MiKTeX\tex/generic/pgf/math\pgfmathfunctio
ns.random.code.tex)
(C:\Users\dhl\AppData\Local\Programs\MiKTeX\tex/generic/pgf/math\pgfmathfunctio
ns.comparison.code.tex)
(C:\Users\dhl\AppData\Local\Programs\MiKTeX\tex/generic/pgf/math\pgfmathfunctio
ns.base.code.tex)
(C:\Users\dhl\AppData\Local\Programs\MiKTeX\tex/generic/pgf/math\pgfmathfunctio
ns.round.code.tex)
(C:\Users\dhl\AppData\Local\Programs\MiKTeX\tex/generic/pgf/math\pgfmathfunctio
ns.misc.code.tex)
(C:\Users\dhl\AppData\Local\Programs\MiKTeX\tex/generic/pgf/math\pgfmathfunctio
ns.integerarithmetics.code.tex)
(C:\Users\dhl\AppData\Local\Programs\MiKTeX\tex/generic/pgf/math\pgfmathcalc.co
de.tex)
(C:\Users\dhl\AppData\Local\Programs\MiKTeX\tex/generic/pgf/math\pgfmathfloat.c
ode.tex
\c@pgfmathroundto@lastzeros=\count329
))
(C:\Users\dhl\AppData\Local\Programs\MiKTeX\tex/generic/pgf/math\pgfint.code.te
x)
(C:\Users\dhl\AppData\Local\Programs\MiKTeX\tex/generic/pgf/basiclayer\pgfcorep
oints.code.tex
File: pgfcorepoints.code.tex 2025-08-29 v3.1.11a (3.1.11a)
\pgf@picminx=\dimen257
\pgf@picmaxx=\dimen258
\pgf@picminy=\dimen259
\pgf@picmaxy=\dimen260
\pgf@pathminx=\dimen261
\pgf@pathmaxx=\dimen262
\pgf@pathminy=\dimen263
\pgf@pathmaxy=\dimen264
\pgf@xx=\dimen265
\pgf@xy=\dimen266
\pgf@yx=\dimen267
\pgf@yy=\dimen268
\pgf@zx=\dimen269
\pgf@zy=\dimen270
)
(C:\Users\dhl\AppData\Local\Programs\MiKTeX\tex/generic/pgf/basiclayer\pgfcorep
athconstruct.code.tex
File: pgfcorepathconstruct.code.tex 2025-08-29 v3.1.11a (3.1.11a)
\pgf@path@lastx=\dimen271
\pgf@path@lasty=\dimen272
)
(C:\Users\dhl\AppData\Local\Programs\MiKTeX\tex/generic/pgf/basiclayer\pgfcorep
athusage.code.tex
File: pgfcorepathusage.code.tex 2025-08-29 v3.1.11a (3.1.11a)
\pgf@shorten@end@additional=\dimen273
\pgf@shorten@start@additional=\dimen274
)
(C:\Users\dhl\AppData\Local\Programs\MiKTeX\tex/generic/pgf/basiclayer\pgfcores
copes.code.tex
File: pgfcorescopes.code.tex 2025-08-29 v3.1.11a (3.1.11a)
\pgfpic=\box60
\pgf@hbox=\box61
\pgf@layerbox@main=\box62
\pgf@picture@serial@count=\count330
)
(C:\Users\dhl\AppData\Local\Programs\MiKTeX\tex/generic/pgf/basiclayer\pgfcoreg
raphicstate.code.tex
File: pgfcoregraphicstate.code.tex 2025-08-29 v3.1.11a (3.1.11a)
\pgflinewidth=\dimen275
)
(C:\Users\dhl\AppData\Local\Programs\MiKTeX\tex/generic/pgf/basiclayer\pgfcoret
ransformations.code.tex
File: pgfcoretransformations.code.tex 2025-08-29 v3.1.11a (3.1.11a)
\pgf@pt@x=\dimen276
\pgf@pt@y=\dimen277
\pgf@pt@temp=\dimen278
)
(C:\Users\dhl\AppData\Local\Programs\MiKTeX\tex/generic/pgf/basiclayer\pgfcoreq
uick.code.tex
File: pgfcorequick.code.tex 2025-08-29 v3.1.11a (3.1.11a)
)
(C:\Users\dhl\AppData\Local\Programs\MiKTeX\tex/generic/pgf/basiclayer\pgfcoreo
bjects.code.tex
File: pgfcoreobjects.code.tex 2025-08-29 v3.1.11a (3.1.11a)
)
(C:\Users\dhl\AppData\Local\Programs\MiKTeX\tex/generic/pgf/basiclayer\pgfcorep
athprocessing.code.tex
File: pgfcorepathprocessing.code.tex 2025-08-29 v3.1.11a (3.1.11a)
)
(C:\Users\dhl\AppData\Local\Programs\MiKTeX\tex/generic/pgf/basiclayer\pgfcorea
rrows.code.tex
File: pgfcorearrows.code.tex 2025-08-29 v3.1.11a (3.1.11a)
\pgfarrowsep=\dimen279
)
(C:\Users\dhl\AppData\Local\Programs\MiKTeX\tex/generic/pgf/basiclayer\pgfcores
hade.code.tex
File: pgfcoreshade.code.tex 2025-08-29 v3.1.11a (3.1.11a)
\pgf@max=\dimen280
\pgf@sys@shading@range@num=\count331
\pgf@shadingcount=\count332
)
(C:\Users\dhl\AppData\Local\Programs\MiKTeX\tex/generic/pgf/basiclayer\pgfcorei
mage.code.tex
File: pgfcoreimage.code.tex 2025-08-29 v3.1.11a (3.1.11a)
)
(C:\Users\dhl\AppData\Local\Programs\MiKTeX\tex/generic/pgf/basiclayer\pgfcoree
xternal.code.tex
File: pgfcoreexternal.code.tex 2025-08-29 v3.1.11a (3.1.11a)
\pgfexternal@startupbox=\box63
)
(C:\Users\dhl\AppData\Local\Programs\MiKTeX\tex/generic/pgf/basiclayer\pgfcorel
ayers.code.tex
File: pgfcorelayers.code.tex 2025-08-29 v3.1.11a (3.1.11a)
)
(C:\Users\dhl\AppData\Local\Programs\MiKTeX\tex/generic/pgf/basiclayer\pgfcoret
ransparency.code.tex
File: pgfcoretransparency.code.tex 2025-08-29 v3.1.11a (3.1.11a)
)
(C:\Users\dhl\AppData\Local\Programs\MiKTeX\tex/generic/pgf/basiclayer\pgfcorep
atterns.code.tex
File: pgfcorepatterns.code.tex 2025-08-29 v3.1.11a (3.1.11a)
)
(C:\Users\dhl\AppData\Local\Programs\MiKTeX\tex/generic/pgf/basiclayer\pgfcorer
df.code.tex
File: pgfcorerdf.code.tex 2025-08-29 v3.1.11a (3.1.11a)
)))
(C:\Users\dhl\AppData\Local\Programs\MiKTeX\tex/generic/pgf/modules\pgfmodulesh
apes.code.tex
File: pgfmoduleshapes.code.tex 2025-08-29 v3.1.11a (3.1.11a)
\pgfnodeparttextbox=\box64
)
(C:\Users\dhl\AppData\Local\Programs\MiKTeX\tex/generic/pgf/modules\pgfmodulepl
ot.code.tex
File: pgfmoduleplot.code.tex 2025-08-29 v3.1.11a (3.1.11a)
)
(C:\Users\dhl\AppData\Local\Programs\MiKTeX\tex/latex/pgf/compatibility\pgfcomp
-version-0-65.sty
Package: pgfcomp-version-0-65 2025-08-29 v3.1.11a (3.1.11a)
\pgf@nodesepstart=\dimen281
\pgf@nodesepend=\dimen282
)
(C:\Users\dhl\AppData\Local\Programs\MiKTeX\tex/latex/pgf/compatibility\pgfcomp
-version-1-18.sty
Package: pgfcomp-version-1-18 2025-08-29 v3.1.11a (3.1.11a)
))
(C:\Users\dhl\AppData\Local\Programs\MiKTeX\tex/latex/pgf/utilities\pgffor.sty
(C:\Users\dhl\AppData\Local\Programs\MiKTeX\tex/latex/pgf/utilities\pgfkeys.sty

(C:\Users\dhl\AppData\Local\Programs\MiKTeX\tex/generic/pgf/utilities\pgfkeys.c
ode.tex))
(C:\Users\dhl\AppData\Local\Programs\MiKTeX\tex/latex/pgf/math\pgfmath.sty
(C:\Users\dhl\AppData\Local\Programs\MiKTeX\tex/generic/pgf/math\pgfmath.code.t
ex))
(C:\Users\dhl\AppData\Local\Programs\MiKTeX\tex/generic/pgf/utilities\pgffor.co
de.tex
Package: pgffor 2025-08-29 v3.1.11a (3.1.11a)
\pgffor@iter=\dimen283
\pgffor@skip=\dimen284
\pgffor@stack=\toks39
\pgffor@toks=\toks40
))
(C:\Users\dhl\AppData\Local\Programs\MiKTeX\tex/generic/pgf/frontendlayer/tikz\
tikz.code.tex
Package: tikz 2025-08-29 v3.1.11a (3.1.11a)

(C:\Users\dhl\AppData\Local\Programs\MiKTeX\tex/generic/pgf/libraries\pgflibrar
yplothandlers.code.tex
File: pgflibraryplothandlers.code.tex 2025-08-29 v3.1.11a (3.1.11a)
\pgf@plot@mark@count=\count333
\pgfplotmarksize=\dimen285
)
\tikz@lastx=\dimen286
\tikz@lasty=\dimen287
\tikz@lastxsaved=\dimen288
\tikz@lastysaved=\dimen289
\tikz@lastmovetox=\dimen290
\tikz@lastmovetoy=\dimen291
\tikzleveldistance=\dimen292
\tikzsiblingdistance=\dimen293
\tikz@figbox=\box65
\tikz@figbox@bg=\box66
\tikz@tempbox=\box67
\tikz@tempbox@bg=\box68
\tikztreelevel=\count334
\tikznumberofchildren=\count335
\tikznumberofcurrentchild=\count336
\tikz@fig@count=\count337

(C:\Users\dhl\AppData\Local\Programs\MiKTeX\tex/generic/pgf/modules\pgfmodulema
trix.code.tex
File: pgfmodulematrix.code.tex 2025-08-29 v3.1.11a (3.1.11a)
\pgfmatrixcurrentrow=\count338
\pgfmatrixcurrentcolumn=\count339
\pgf@matrix@numberofcolumns=\count340
)
\tikz@expandcount=\count341

(C:\Users\dhl\AppData\Local\Programs\MiKTeX\tex/generic/pgf/frontendlayer/tikz/
libraries\tikzlibrarytopaths.code.tex
File: tikzlibrarytopaths.code.tex 2025-08-29 v3.1.11a (3.1.11a)
)))
(C:\Users\dhl\AppData\Local\Programs\MiKTeX\tex/generic/pgf/frontendlayer/tikz/
libraries\tikzlibrarypositioning.code.tex
File: tikzlibrarypositioning.code.tex 2025-08-29 v3.1.11a (3.1.11a)
)
(C:\Users\dhl\AppData\Local\Programs\MiKTeX\tex/generic/pgf/libraries\pgflibrar
yarrows.meta.code.tex
File: pgflibraryarrows.meta.code.tex 2025-08-29 v3.1.11a (3.1.11a)
\pgfarrowinset=\dimen294
\pgfarrowlength=\dimen295
\pgfarrowwidth=\dimen296
\pgfarrowlinewidth=\dimen297
)
(C:\Users\dhl\AppData\Local\Programs\MiKTeX\tex/generic/pgf/frontendlayer/tikz/
libraries\tikzlibraryfit.code.tex
File: tikzlibraryfit.code.tex 2025-08-29 v3.1.11a (3.1.11a)
)
(C:\Users\dhl\AppData\Local\Programs\MiKTeX\tex/generic/pgf/frontendlayer/tikz/
libraries\tikzlibrarybackgrounds.code.tex
File: tikzlibrarybackgrounds.code.tex 2025-08-29 v3.1.11a (3.1.11a)
\pgf@layerbox@background=\box69
\pgf@layerboxsaved@background=\box70
)
(../../Thesis_Draft/GSAPP_Final_Submission/Tables/metrics_config.tex)
(C:\Users\dhl\AppData\Local\Programs\MiKTeX\tex/latex/l3backend\l3backend-pdfte
x.def
File: l3backend-pdftex.def 2025-10-09 L3 backend support: PDF output (pdfTeX)
\l__color_backend_stack_int=\count342
) (STAT8101_Final_Project.aux)
\openout1 = `STAT8101_Final_Project.aux'.

LaTeX Font Info:    Checking defaults for OML/cmm/m/it on input line 22.
LaTeX Font Info:    ... okay on input line 22.
LaTeX Font Info:    Checking defaults for OMS/cmsy/m/n on input line 22.
LaTeX Font Info:    ... okay on input line 22.
LaTeX Font Info:    Checking defaults for OT1/cmr/m/n on input line 22.
LaTeX Font Info:    ... okay on input line 22.
LaTeX Font Info:    Checking defaults for T1/cmr/m/n on input line 22.
LaTeX Font Info:    ... okay on input line 22.
LaTeX Font Info:    Checking defaults for TS1/cmr/m/n on input line 22.
LaTeX Font Info:    ... okay on input line 22.
LaTeX Font Info:    Checking defaults for OMX/cmex/m/n on input line 22.
LaTeX Font Info:    ... okay on input line 22.
LaTeX Font Info:    Checking defaults for U/cmr/m/n on input line 22.
LaTeX Font Info:    ... okay on input line 22.
LaTeX Font Info:    Checking defaults for PD1/pdf/m/n on input line 22.
LaTeX Font Info:    ... okay on input line 22.
LaTeX Font Info:    Checking defaults for PU/pdf/m/n on input line 22.
LaTeX Font Info:    ... okay on input line 22.

(C:\Users\dhl\AppData\Local\Programs\MiKTeX\tex/context/base/mkii\supp-pdf.mkii
[Loading MPS to PDF converter (version 2006.09.02).]
\scratchcounter=\count343
\scratchdimen=\dimen298
\scratchbox=\box71
\nofMPsegments=\count344
\nofMParguments=\count345
\everyMPshowfont=\toks41
\MPscratchCnt=\count346
\MPscratchDim=\dimen299
\MPnumerator=\count347
\makeMPintoPDFobject=\count348
\everyMPtoPDFconversion=\toks42
)
(C:\Users\dhl\AppData\Local\Programs\MiKTeX\tex/latex/epstopdf-pkg\epstopdf-bas
e.sty
Package: epstopdf-base 2020-01-24 v2.11 Base part for package epstopdf
Package epstopdf-base Info: Redefining graphics rule for `.eps' on input line 4
85.

(C:\Users\dhl\AppData\Local\Programs\MiKTeX\tex/latex/00miktex\epstopdf-sys.cfg
File: epstopdf-sys.cfg 2021/03/18 v2.0 Configuration of epstopdf for MiKTeX
))
Package hyperref Info: Link coloring OFF on input line 22.
 (STAT8101_Final_Project.out) (STAT8101_Final_Project.out)
\@outlinefile=\write4
\openout4 = `STAT8101_Final_Project.out'.

Package caption Info: Begin \AtBeginDocument code.
Package caption Info: End \AtBeginDocument code.
LaTeX Font Info:    Trying to load font information for U+msa on input line 51.


(C:\Users\dhl\AppData\Local\Programs\MiKTeX\tex/latex/amsfonts\umsa.fd
File: umsa.fd 2013/01/14 v3.01 AMS symbols A
)
LaTeX Font Info:    Trying to load font information for U+msb on input line 51.


(C:\Users\dhl\AppData\Local\Programs\MiKTeX\tex/latex/amsfonts\umsb.fd
File: umsb.fd 2013/01/14 v3.01 AMS symbols B
)
[1{C:/Users/dhl/AppData/Local/MiKTeX/fonts/map/pdftex/pdftex.map}

]

LaTeX Warning: Reference `sec:hte' on page 2 undefined on input line 56.

[2] (Sections/planning_context.tex
Underfull \vbox (badness 3312) has occurred while \output is active []

 [3]
[4] (Sections/appendices_augmentation/appendices_voting_data.tex
Underfull \vbox (badness 10000) has occurred while \output is active []

 [5])
[6]
<../../Thesis_Draft/GSAPP_Final_Submission/Figures/appendix/fig_app_02_project_
overview.pdf, id=330, page=1, 614.295pt x 794.97pt>
File: ../../Thesis_Draft/GSAPP_Final_Submission/Figures/appendix/fig_app_02_pro
ject_overview.pdf Graphic file (type pdf)
<use ../../Thesis_Draft/GSAPP_Final_Submission/Figures/appendix/fig_app_02_proj
ect_overview.pdf, page 1>
Package pdftex.def Info: ../../Thesis_Draft/GSAPP_Final_Submission/Figures/appe
ndix/fig_app_02_project_overview.pdf , page1 used on input line 67.
(pdftex.def)             Requested size: 368.57964pt x 476.98569pt.
 [7 <../../Thesis_Draft/GSAPP_Final_Submission/Figures/appendix/fig_app_02_proj
ect_overview.pdf>]
<../../Thesis_Draft/GSAPP_Final_Submission/Figures/appendix/fig_app_03_protocol
_summary.pdf, id=577, page=1, 614.295pt x 794.97pt>
File: ../../Thesis_Draft/GSAPP_Final_Submission/Figures/appendix/fig_app_03_pro
tocol_summary.pdf Graphic file (type pdf)
<use ../../Thesis_Draft/GSAPP_Final_Submission/Figures/appendix/fig_app_03_prot
ocol_summary.pdf, page 1>
Package pdftex.def Info: ../../Thesis_Draft/GSAPP_Final_Submission/Figures/appe
ndix/fig_app_03_protocol_summary.pdf , page1 used on input line 77.
(pdftex.def)             Requested size: 368.57964pt x 476.98569pt.
 [8 <../../Thesis_Draft/GSAPP_Final_Submission/Figures/appendix/fig_app_03_prot
ocol_summary.pdf>]
<../../Thesis_Draft/GSAPP_Final_Submission/Figures/appendix/fig_app_01_intervie
w_guide.pdf, id=823, page=1, 614.295pt x 794.97pt>
File: ../../Thesis_Draft/GSAPP_Final_Submission/Figures/appendix/fig_app_01_int
erview_guide.pdf Graphic file (type pdf)
<use ../../Thesis_Draft/GSAPP_Final_Submission/Figures/appendix/fig_app_01_inte
rview_guide.pdf, page 1>
Package pdftex.def Info: ../../Thesis_Draft/GSAPP_Final_Submission/Figures/appe
ndix/fig_app_01_interview_guide.pdf , page1 used on input line 87.
(pdftex.def)             Requested size: 368.57964pt x 476.98569pt.
) [9 <../../Thesis_Draft/GSAPP_Final_Submission/Figures/appendix/fig_app_01_int
erview_guide.pdf>]

LaTeX Warning: Reference `app:robustness' on page 10 undefined on input line 73
.


LaTeX Warning: Reference `sec:hte' on page 10 undefined on input line 75.


Underfull \vbox (badness 10000) has occurred while \output is active []

 [10]
<../../Thesis_Draft/GSAPP_Final_Submission/Figures/archive/maps_and_diagrams/fi
g1_spatial_distribution.png, id=1050, 578.16pt x 457.2282pt>
File: ../../Thesis_Draft/GSAPP_Final_Submission/Figures/archive/maps_and_diagra
ms/fig1_spatial_distribution.png Graphic file (type png)
<use ../../Thesis_Draft/GSAPP_Final_Submission/Figures/archive/maps_and_diagram
s/fig1_spatial_distribution.png>
Package pdftex.def Info: ../../Thesis_Draft/GSAPP_Final_Submission/Figures/arch
ive/maps_and_diagrams/fig1_spatial_distribution.png  used on input line 102.
(pdftex.def)             Requested size: 433.62pt x 342.9203pt.
<../../Thesis_Draft/GSAPP_Final_Submission/Figures/ch2/fig_ch2_01_waller_buffer
_map.png, id=1052, 394.3533pt x 578.16pt>
File: ../../Thesis_Draft/GSAPP_Final_Submission/Figures/ch2/fig_ch2_01_waller_b
uffer_map.png Graphic file (type png)
<use ../../Thesis_Draft/GSAPP_Final_Submission/Figures/ch2/fig_ch2_01_waller_bu
ffer_map.png>
Package pdftex.def Info: ../../Thesis_Draft/GSAPP_Final_Submission/Figures/ch2/
fig_ch2_01_waller_buffer_map.png  used on input line 131.
(pdftex.def)             Requested size: 238.49231pt x 349.65996pt.

[11] [12 <../../Thesis_Draft/GSAPP_Final_Submission/Figures/archive/maps_and_di
agrams/fig1_spatial_distribution.png>] [13 <../../Thesis_Draft/GSAPP_Final_Subm
ission/Figures/ch2/fig_ch2_01_waller_buffer_map.png>]
Overfull \hbox (12.73625pt too wide) in paragraph at lines 214--225
 [][] 
 []

[14] [15]

pdfTeX warning: pdflatex.exe (file ../../Thesis_Draft/GSAPP_Final_Submission/Fi
gures/appendix/fig_app_04_sample_protest_petition_v15.pdf): PDF inclusion: foun
d PDF version <1.7>, but at most version <1.5> allowed
<../../Thesis_Draft/GSAPP_Final_Submission/Figures/appendix/fig_app_04_sample_p
rotest_petition_v15.pdf, id=1106, page=1, 614.295pt x 794.97pt>
File: ../../Thesis_Draft/GSAPP_Final_Submission/Figures/appendix/fig_app_04_sam
ple_protest_petition_v15.pdf Graphic file (type pdf)
<use ../../Thesis_Draft/GSAPP_Final_Submission/Figures/appendix/fig_app_04_samp
le_protest_petition_v15.pdf, page 1>
Package pdftex.def Info: ../../Thesis_Draft/GSAPP_Final_Submission/Figures/appe
ndix/fig_app_04_sample_protest_petition_v15.pdf , page1 used on input line 255.

(pdftex.def)             Requested size: 355.57156pt x 460.1489pt.
[16] [17 <../../Thesis_Draft/GSAPP_Final_Submission/Figures/appendix/fig_app_04
_sample_protest_petition_v15.pdf>]

LaTeX Warning: Reference `sec:limitations' on page 18 undefined on input line 2
86.


Overfull \hbox (4.61368pt too wide) in paragraph at lines 321--322
[]\T1/cmr/m/it/10.95 Protest In-ten-sity: \T1/cmr/m/n/10.95 An un-of-fi-cial pr
otest in-ten-sity score (sum of inverse-distance-weighted
 []

[18] (Sections/appendices_augmentation/appendices_intermediate_proposals.tex
[19])
Underfull \vbox (badness 10000) has occurred while \output is active []

 [20]
[21] [22]
Overfull \hbox (2.67618pt too wide) in paragraph at lines 441--442
[]\T1/cmr/m/n/10.95 To pre-vent collinear-ity from ob-scur-ing sub-stan-tive re
-la-tion-ships and to en-sure the archety-
 []


(../../Thesis_Draft/GSAPP_Final_Submission/Tables/chapter5_attribution/tbl_ch5_
04_semantic_feature_mapping.tex

! LaTeX Error: Environment longtable undefined.

See the LaTeX manual or LaTeX Companion for explanation.
Type  H <return>  for immediate help.
 ...                                              
                                                  
l.4 \begin{longtable}
                     {p{0.30\textwidth} p{0.62\textwidth}}
Your command was ignored.
Type  I <command> <return>  to replace it with another command,
or  <return>  to continue without it.

! Missing number, treated as zero.
<to be read again> 
                   }
l.4 \begin{longtable}{p{0.30\textwidth}
                                        p{0.62\textwidth}}
A number should have been here; I inserted `0'.
(If you can't figure out why I needed to see a number,
look up `weird error' in the index to The TeXbook.)

! Illegal unit of measure (pt inserted).
<to be read again> 
                   }
l.4 \begin{longtable}{p{0.30\textwidth}
                                        p{0.62\textwidth}}
Dimensions can be in units of em, ex, in, pt, pc,
cm, mm, dd, cc, nd, nc, bp, or sp; but yours is a new one!
I'll assume that you meant to say pt, for printer's points.
To recover gracefully from this error, it's best to
delete the erroneous units; e.g., type `2' to delete
two letters. (See Chapter 27 of The TeXbook.)

! Missing number, treated as zero.
<to be read again> 
                   }
l.4 ...gtable}{p{0.30\textwidth} p{0.62\textwidth}
                                                  }
A number should have been here; I inserted `0'.
(If you can't figure out why I needed to see a number,
look up `weird error' in the index to The TeXbook.)

! Illegal unit of measure (pt inserted).
<to be read again> 
                   }
l.4 ...gtable}{p{0.30\textwidth} p{0.62\textwidth}
                                                  }
Dimensions can be in units of em, ex, in, pt, pc,
cm, mm, dd, cc, nd, nc, bp, or sp; but yours is a new one!
I'll assume that you meant to say pt, for printer's points.
To recover gracefully from this error, it's best to
delete the erroneous units; e.g., type `2' to delete
two letters. (See Chapter 27 of The TeXbook.)


! Package caption Error: \caption outside float.

See the caption package documentation for explanation.
Type  H <return>  for immediate help.
 ...                                              
                                                  
l.5  \caption
             [Semantic Feature Aggregation Mapping]{Feature cluster referenc...

If you do not understand this error, please take a closer look
at the documentation of the `caption' package, especially the
section about errors.
Try typing  <return>  to proceed.
If that doesn't work, type  X <return>  to quit.

! Misplaced \noalign.
\toprule ->\noalign 
                    {\ifnum 0=`}\fi \@aboverulesep =\abovetopsep \global \@b...
l.7  \toprule
             
I expect to see \noalign only after the \cr of
an alignment. Proceed, and I'll ignore this case.


Underfull \hbox (badness 10000) in paragraph at lines 4--8

 []

! Misplaced alignment tab character &.
l.8  \textbf{Feature Cluster} &
                                \textbf{What It Measures} \\
I can't figure out why you would want to use a tab mark
here. If you just want an ampersand, the remedy is
simple: Just type `I\&' now. But if some right brace
up above has ended a previous alignment prematurely,
you're probably due for more error messages, and you
might try typing `S' now just to see what is salvageable.

! Misplaced \noalign.
\midrule ->\noalign 
                    {\ifnum 0=`}\fi \@aboverulesep =\aboverulesep \global \@...
l.9  \midrule
             
I expect to see \noalign only after the \cr of
an alignment. Proceed, and I'll ignore this case.


Underfull \hbox (badness 10000) in paragraph at lines 8--10

 []

! Undefined control sequence.
<recently read> \endfirsthead 
                              
l.10  \endfirsthead
                   
The control sequence at the end of the top line
of your error message was never \def'ed. If you have
misspelled it (e.g., `\hobx'), type `I' and the correct
spelling (e.g., `I\hbox'). Otherwise just continue,
and I'll forget about whatever was undefined.

! Misplaced \omit.
\multispan ->\omit 
                   \@multispan 
l.11 ...e~\ref*{tab:semantic_mapping} continued)}}
                                                   \\
I expect to see \omit only after tab marks or the \cr of
an alignment. Proceed, and I'll ignore this case.

! Misplaced \span.
\sp@n ->\span 
              \omit \advance \@multicnt \m@ne 
l.11 ...e~\ref*{tab:semantic_mapping} continued)}}
                                                   \\
I can't figure out why you would want to use a tab mark
or \cr or \span just now. If something like a right brace
up above has ended a previous alignment prematurely,
you're probably due for more error messages, and you
might try typing `S' now just to see what is salvageable.

! Misplaced \omit.
\sp@n ->\span \omit 
                    \advance \@multicnt \m@ne 
l.11 ...e~\ref*{tab:semantic_mapping} continued)}}
                                                   \\
I expect to see \omit only after tab marks or the \cr of
an alignment. Proceed, and I'll ignore this case.

! Undefined control sequence.
<argument> ...nextchar \ifcase \@chclass \@classz 
                                                  \or \@classi \or \@classii...
l.11 ...e~\ref*{tab:semantic_mapping} continued)}}
                                                   \\
The control sequence at the end of the top line
of your error message was never \def'ed. If you have
misspelled it (e.g., `\hobx'), type `I' and the correct
spelling (e.g., `I\hbox'). Otherwise just continue,
and I'll forget about whatever was undefined.

! Undefined control sequence.
\@mkpream ...hclass }\ifcase \@lastchclass \@acol 
                                                  \or \or \@preamerr \@ne \o...
l.11 ...e~\ref*{tab:semantic_mapping} continued)}}
                                                   \\
The control sequence at the end of the top line
of your error message was never \def'ed. If you have
misspelled it (e.g., `\hobx'), type `I' and the correct
spelling (e.g., `I\hbox'). Otherwise just continue,
and I'll forget about whatever was undefined.

! Misplaced \noalign.
\toprule ->\noalign 
                    {\ifnum 0=`}\fi \@aboverulesep =\abovetopsep \global \@b...
l.12  \toprule
              
I expect to see \noalign only after the \cr of
an alignment. Proceed, and I'll ignore this case.


Underfull \hbox (badness 10000) in paragraph at lines 11--13

 []

! Misplaced alignment tab character &.
l.13  \textbf{Feature Cluster} &
                                 \textbf{What It Measures} \\
I can't figure out why you would want to use a tab mark
here. If you just want an ampersand, the remedy is
simple: Just type `I\&' now. But if some right brace
up above has ended a previous alignment prematurely,
you're probably due for more error messages, and you
might try typing `S' now just to see what is salvageable.

! Misplaced \noalign.
\midrule ->\noalign 
                    {\ifnum 0=`}\fi \@aboverulesep =\aboverulesep \global \@...
l.14  \midrule
              
I expect to see \noalign only after the \cr of
an alignment. Proceed, and I'll ignore this case.


Underfull \hbox (badness 10000) in paragraph at lines 13--15

 []

! Undefined control sequence.
<recently read> \endhead 
                         
l.15  \endhead
              
The control sequence at the end of the top line
of your error message was never \def'ed. If you have
misspelled it (e.g., `\hobx'), type `I' and the correct
spelling (e.g., `I\hbox'). Otherwise just continue,
and I'll forget about whatever was undefined.

! Misplaced \noalign.
\midrule ->\noalign 
                    {\ifnum 0=`}\fi \@aboverulesep =\aboverulesep \global \@...
l.16  \midrule
              
I expect to see \noalign only after the \cr of
an alignment. Proceed, and I'll ignore this case.

! Misplaced \omit.
\multispan ->\omit 
                   \@multispan 
l.17 ...{r}{\small\textit{Continued on next page}}
                                                   \\
I expect to see \omit only after tab marks or the \cr of
an alignment. Proceed, and I'll ignore this case.

! Misplaced \span.
\sp@n ->\span 
              \omit \advance \@multicnt \m@ne 
l.17 ...{r}{\small\textit{Continued on next page}}
                                                   \\
I can't figure out why you would want to use a tab mark
or \cr or \span just now. If something like a right brace
up above has ended a previous alignment prematurely,
you're probably due for more error messages, and you
might try typing `S' now just to see what is salvageable.

! Misplaced \omit.
\sp@n ->\span \omit 
                    \advance \@multicnt \m@ne 
l.17 ...{r}{\small\textit{Continued on next page}}
                                                   \\
I expect to see \omit only after tab marks or the \cr of
an alignment. Proceed, and I'll ignore this case.

! Undefined control sequence.
<argument> ...nextchar \ifcase \@chclass \@classz 
                                                  \or \@classi \or \@classii...
l.17 ...{r}{\small\textit{Continued on next page}}
                                                   \\
The control sequence at the end of the top line
of your error message was never \def'ed. If you have
misspelled it (e.g., `\hobx'), type `I' and the correct
spelling (e.g., `I\hbox'). Otherwise just continue,
and I'll forget about whatever was undefined.

! Undefined control sequence.
\@mkpream ...hclass }\ifcase \@lastchclass \@acol 
                                                  \or \or \@preamerr \@ne \o...
l.17 ...{r}{\small\textit{Continued on next page}}
                                                   \\
The control sequence at the end of the top line
of your error message was never \def'ed. If you have
misspelled it (e.g., `\hobx'), type `I' and the correct
spelling (e.g., `I\hbox'). Otherwise just continue,
and I'll forget about whatever was undefined.

! Undefined control sequence.
<recently read> \endfoot 
                         
l.18  \endfoot
              
The control sequence at the end of the top line
of your error message was never \def'ed. If you have
misspelled it (e.g., `\hobx'), type `I' and the correct
spelling (e.g., `I\hbox'). Otherwise just continue,
and I'll forget about whatever was undefined.

! Misplaced \noalign.
\bottomrule ->\noalign 
                       {\ifnum 0=`}\fi \@aboverulesep =\aboverulesep \global...
l.19  \bottomrule
                 
I expect to see \noalign only after the \cr of
an alignment. Proceed, and I'll ignore this case.


Underfull \hbox (badness 10000) in paragraph at lines 17--20

 []

! Undefined control sequence.
<recently read> \endlastfoot 
                             
l.20  \endlastfoot
                  
The control sequence at the end of the top line
of your error message was never \def'ed. If you have
misspelled it (e.g., `\hobx'), type `I' and the correct
spelling (e.g., `I\hbox'). Otherwise just continue,
and I'll forget about whatever was undefined.

! Misplaced \omit.
\multispan ->\omit 
                   \@multispan 
l.22 ...arcel \& Administrative Characteristics}}}
                                                   \\[2pt]
I expect to see \omit only after tab marks or the \cr of
an alignment. Proceed, and I'll ignore this case.

! Misplaced \span.
\sp@n ->\span 
              \omit \advance \@multicnt \m@ne 
l.22 ...arcel \& Administrative Characteristics}}}
                                                   \\[2pt]
I can't figure out why you would want to use a tab mark
or \cr or \span just now. If something like a right brace
up above has ended a previous alignment prematurely,
you're probably due for more error messages, and you
might try typing `S' now just to see what is salvageable.

! Misplaced \omit.
\sp@n ->\span \omit 
                    \advance \@multicnt \m@ne 
l.22 ...arcel \& Administrative Characteristics}}}
                                                   \\[2pt]
I expect to see \omit only after tab marks or the \cr of
an alignment. Proceed, and I'll ignore this case.

! Undefined control sequence.
<argument> ...nextchar \ifcase \@chclass \@classz 
                                                  \or \@classi \or \@classii...
l.22 ...arcel \& Administrative Characteristics}}}
                                                   \\[2pt]
The control sequence at the end of the top line
of your error message was never \def'ed. If you have
misspelled it (e.g., `\hobx'), type `I' and the correct
spelling (e.g., `I\hbox'). Otherwise just continue,
and I'll forget about whatever was undefined.

! Undefined control sequence.
\@mkpream ...hclass }\ifcase \@lastchclass \@acol 
                                                  \or \or \@preamerr \@ne \o...
l.22 ...arcel \& Administrative Characteristics}}}
                                                   \\[2pt]
The control sequence at the end of the top line
of your error message was never \def'ed. If you have
misspelled it (e.g., `\hobx'), type `I' and the correct
spelling (e.g., `I\hbox'). Otherwise just continue,
and I'll forget about whatever was undefined.

! Misplaced alignment tab character &.
l.23  \textbf{Property Value} &
                                Appraised and market value of the parcel and...
I can't figure out why you would want to use a tab mark
here. If you just want an ampersand, the remedy is
simple: Just type `I\&' now. But if some right brace
up above has ended a previous alignment prematurely,
you're probably due for more error messages, and you
might try typing `S' now just to see what is salvageable.

! Misplaced alignment tab character &.
l.24  \textbf{Parcel Size} &
                             Lot size in acres, total building square footag...
I can't figure out why you would want to use a tab mark
here. If you just want an ampersand, the remedy is
simple: Just type `I\&' now. But if some right brace
up above has ended a previous alignment prematurely,
you're probably due for more error messages, and you
might try typing `S' now just to see what is salvageable.

! Misplaced alignment tab character &.
l.25  \textbf{Improvement Scale} &
                                   Total improvement square footage and the ...
I can't figure out why you would want to use a tab mark
here. If you just want an ampersand, the remedy is
simple: Just type `I\&' now. But if some right brace
up above has ended a previous alignment prematurely,
you're probably due for more error messages, and you
might try typing `S' now just to see what is salvageable.

! Misplaced alignment tab character &.
l.26  \textbf{Building Age} &
                              Year the primary structure was built, and the ...
I can't figure out why you would want to use a tab mark
here. If you just want an ampersand, the remedy is
simple: Just type `I\&' now. But if some right brace
up above has ended a previous alignment prematurely,
you're probably due for more error messages, and you
might try typing `S' now just to see what is salvageable.

! Misplaced alignment tab character &.
l.27  \textbf{Zoning Density} &
                                The requested maximum floor-to-area ratio (F...
I can't figure out why you would want to use a tab mark
here. If you just want an ampersand, the remedy is
simple: Just type `I\&' now. But if some right brace
up above has ended a previous alignment prematurely,
you're probably due for more error messages, and you
might try typing `S' now just to see what is salvageable.

! Misplaced alignment tab character &.
l.28  \textbf{Land Use Type} &
                               The parcel's current zoning and land use clas...
I can't figure out why you would want to use a tab mark
here. If you just want an ampersand, the remedy is
simple: Just type `I\&' now. But if some right brace
up above has ended a previous alignment prematurely,
you're probably due for more error messages, and you
might try typing `S' now just to see what is salvageable.

! Misplaced \noalign.
\midrule ->\noalign 
                    {\ifnum 0=`}\fi \@aboverulesep =\aboverulesep \global \@...
l.29  \midrule
              
I expect to see \noalign only after the \cr of
an alignment. Proceed, and I'll ignore this case.


Underfull \hbox (badness 10000) in paragraph at lines 22--30

 []

! Misplaced \omit.
\multispan ->\omit 
                   \@multispan 
l.30 ...it{\textbf{Neighborhood Characteristics}}}
                                                   \\[2pt]
I expect to see \omit only after tab marks or the \cr of
an alignment. Proceed, and I'll ignore this case.

! Misplaced \span.
\sp@n ->\span 
              \omit \advance \@multicnt \m@ne 
l.30 ...it{\textbf{Neighborhood Characteristics}}}
                                                   \\[2pt]
I can't figure out why you would want to use a tab mark
or \cr or \span just now. If something like a right brace
up above has ended a previous alignment prematurely,
you're probably due for more error messages, and you
might try typing `S' now just to see what is salvageable.

! Misplaced \omit.
\sp@n ->\span \omit 
                    \advance \@multicnt \m@ne 
l.30 ...it{\textbf{Neighborhood Characteristics}}}
                                                   \\[2pt]
I expect to see \omit only after tab marks or the \cr of
an alignment. Proceed, and I'll ignore this case.

! Undefined control sequence.
<argument> ...nextchar \ifcase \@chclass \@classz 
                                                  \or \@classi \or \@classii...
l.30 ...it{\textbf{Neighborhood Characteristics}}}
                                                   \\[2pt]
The control sequence at the end of the top line
of your error message was never \def'ed. If you have
misspelled it (e.g., `\hobx'), type `I' and the correct
spelling (e.g., `I\hbox'). Otherwise just continue,
and I'll forget about whatever was undefined.

! Undefined control sequence.
\@mkpream ...hclass }\ifcase \@lastchclass \@acol 
                                                  \or \or \@preamerr \@ne \o...
l.30 ...it{\textbf{Neighborhood Characteristics}}}
                                                   \\[2pt]
The control sequence at the end of the top line
of your error message was never \def'ed. If you have
misspelled it (e.g., `\hobx'), type `I' and the correct
spelling (e.g., `I\hbox'). Otherwise just continue,
and I'll forget about whatever was undefined.

! Misplaced alignment tab character &.
l.31  \textbf{Racial Composition} &
                                    Share of nearby residents identifying as...
I can't figure out why you would want to use a tab mark
here. If you just want an ampersand, the remedy is
simple: Just type `I\&' now. But if some right brace
up above has ended a previous alignment prematurely,
you're probably due for more error messages, and you
might try typing `S' now just to see what is salvageable.

! Misplaced alignment tab character &.
l.32  \textbf{Housing Tenure} &
                                Share of occupied housing units that are own...
I can't figure out why you would want to use a tab mark
here. If you just want an ampersand, the remedy is
simple: Just type `I\&' now. But if some right brace
up above has ended a previous alignment prematurely,
you're probably due for more error messages, and you
might try typing `S' now just to see what is salvageable.

! Misplaced alignment tab character &.
l.33  \textbf{Income \& Rent} &
                                Median household income, median gross rent, ...
I can't figure out why you would want to use a tab mark
here. If you just want an ampersand, the remedy is
simple: Just type `I\&' now. But if some right brace
up above has ended a previous alignment prematurely,
you're probably due for more error messages, and you
might try typing `S' now just to see what is salvageable.

! Misplaced alignment tab character &.
l.34  \textbf{Prior Petition Activity} &
                                         Petition rate among zoning cases fi...
I can't figure out why you would want to use a tab mark
here. If you just want an ampersand, the remedy is
simple: Just type `I\&' now. But if some right brace
up above has ended a previous alignment prematurely,
you're probably due for more error messages, and you
might try typing `S' now just to see what is salvageable.

! Misplaced \noalign.
\midrule ->\noalign 
                    {\ifnum 0=`}\fi \@aboverulesep =\aboverulesep \global \@...
l.35  \midrule
              
I expect to see \noalign only after the \cr of
an alignment. Proceed, and I'll ignore this case.


Underfull \hbox (badness 10000) in paragraph at lines 30--36

 []

! Misplaced \omit.
\multispan ->\omit 
                   \@multispan 
l.36 ...}{\textit{\textbf{Macroeconomic Context}}}
                                                   \\[2pt]
I expect to see \omit only after tab marks or the \cr of
an alignment. Proceed, and I'll ignore this case.

! Misplaced \span.
\sp@n ->\span 
              \omit \advance \@multicnt \m@ne 
l.36 ...}{\textit{\textbf{Macroeconomic Context}}}
                                                   \\[2pt]
I can't figure out why you would want to use a tab mark
or \cr or \span just now. If something like a right brace
up above has ended a previous alignment prematurely,
you're probably due for more error messages, and you
might try typing `S' now just to see what is salvageable.

! Misplaced \omit.
\sp@n ->\span \omit 
                    \advance \@multicnt \m@ne 
l.36 ...}{\textit{\textbf{Macroeconomic Context}}}
                                                   \\[2pt]
I expect to see \omit only after tab marks or the \cr of
an alignment. Proceed, and I'll ignore this case.

! Undefined control sequence.
<argument> ...nextchar \ifcase \@chclass \@classz 
                                                  \or \@classi \or \@classii...
l.36 ...}{\textit{\textbf{Macroeconomic Context}}}
                                                   \\[2pt]
The control sequence at the end of the top line
of your error message was never \def'ed. If you have
misspelled it (e.g., `\hobx'), type `I' and the correct
spelling (e.g., `I\hbox'). Otherwise just continue,
and I'll forget about whatever was undefined.

! Undefined control sequence.
\@mkpream ...hclass }\ifcase \@lastchclass \@acol 
                                                  \or \or \@preamerr \@ne \o...
l.36 ...}{\textit{\textbf{Macroeconomic Context}}}
                                                   \\[2pt]
The control sequence at the end of the top line
of your error message was never \def'ed. If you have
misspelled it (e.g., `\hobx'), type `I' and the correct
spelling (e.g., `I\hbox'). Otherwise just continue,
and I'll forget about whatever was undefined.

[23]
! Misplaced alignment tab character &.
l.37  \textbf{Mortgage Rate} &
                               The prevailing 30-year fixed mortgage rate, i...
I can't figure out why you would want to use a tab mark
here. If you just want an ampersand, the remedy is
simple: Just type `I\&' now. But if some right brace
up above has ended a previous alignment prematurely,
you're probably due for more error messages, and you
might try typing `S' now just to see what is salvageable.

! Misplaced alignment tab character &.
l.38  \textbf{Capital Markets} &
                                 The 10-year Treasury yield and Federal Fund...
I can't figure out why you would want to use a tab mark
here. If you just want an ampersand, the remedy is
simple: Just type `I\&' now. But if some right brace
up above has ended a previous alignment prematurely,
you're probably due for more error messages, and you
might try typing `S' now just to see what is salvageable.

! Misplaced alignment tab character &.
l.39  \textbf{Local Labor Market} &
                                    The Austin-area unemployment rate, its 1...
I can't figure out why you would want to use a tab mark
here. If you just want an ampersand, the remedy is
simple: Just type `I\&' now. But if some right brace
up above has ended a previous alignment prematurely,
you're probably due for more error messages, and you
might try typing `S' now just to see what is salvageable.


! LaTeX Error: \begin{document} ended by \end{longtable}.

See the LaTeX manual or LaTeX Companion for explanation.
Type  H <return>  for immediate help.
 ...                                              
                                                  
l.40 \end{longtable}
                    
Your command was ignored.
Type  I <command> <return>  to replace it with another command,
or  <return>  to continue without it.

)
Underfull \hbox (badness 10000) in paragraph at lines 36--444

 []

<../../Thesis_Draft/GSAPP_Final_Submission/Figures/exhibits/calibration_and_pr/
fig_pr_curves_multihorizon.pdf, id=1180, 505.89pt x 433.62pt>
File: ../../Thesis_Draft/GSAPP_Final_Submission/Figures/exhibits/calibration_an
d_pr/fig_pr_curves_multihorizon.pdf Graphic file (type pdf)
<use ../../Thesis_Draft/GSAPP_Final_Submission/Figures/exhibits/calibration_and
_pr/fig_pr_curves_multihorizon.pdf>
Package pdftex.def Info: ../../Thesis_Draft/GSAPP_Final_Submission/Figures/exhi
bits/calibration_and_pr/fig_pr_curves_multihorizon.pdf  used on input line 458.

(pdftex.def)             Requested size: 346.89731pt x 297.3455pt.

Overfull \hbox (1.66891pt too wide) in paragraph at lines 465--466
[]\T1/cmr/m/n/10.95 These re-sults pro-vide one trans-parency di-ag-nos-tic for
 fea-ture re-liance. The in-distribution
 []

[24] [25 <../../Thesis_Draft/GSAPP_Final_Submission/Figures/exhibits/calibratio
n_and_pr/fig_pr_curves_multihorizon.pdf>]
(../../Thesis_Draft/GSAPP_Final_Submission/Tables/chapter4_performance/tbl_ch4_
14_temporal_drift_analysis.tex)
(../../Thesis_Draft/GSAPP_Final_Submission/Tables/chapter4_performance/tbl_ch4_
17_temporal_drift_prauc_lift.tex) [26] [27]
(../../Thesis_Draft/GSAPP_Final_Submission/Tables/chapter4_performance/tbl_ch4_
15_temporal_drift_family.tex)
<../../Thesis_Draft/GSAPP_Final_Submission/Figures/exhibits/temporal_drift/fig_
temporal_drift_prauc_testyear.pdf, id=1261, 855.41586pt x 667.2993pt>
File: ../../Thesis_Draft/GSAPP_Final_Submission/Figures/exhibits/temporal_drift
/fig_temporal_drift_prauc_testyear.pdf Graphic file (type pdf)
<use ../../Thesis_Draft/GSAPP_Final_Submission/Figures/exhibits/temporal_drift/
fig_temporal_drift_prauc_testyear.pdf>
Package pdftex.def Info: ../../Thesis_Draft/GSAPP_Final_Submission/Figures/exhi
bits/temporal_drift/fig_temporal_drift_prauc_testyear.pdf  used on input line 4
89.
(pdftex.def)             Requested size: 299.23036pt x 233.42589pt.
<../../Thesis_Draft/GSAPP_Final_Submission/Figures/exhibits/temporal_drift/fig_
temporal_drift_lift_testyear.pdf, id=1262, 855.68297pt x 667.2993pt>
File: ../../Thesis_Draft/GSAPP_Final_Submission/Figures/exhibits/temporal_drift
/fig_temporal_drift_lift_testyear.pdf Graphic file (type pdf)
<use ../../Thesis_Draft/GSAPP_Final_Submission/Figures/exhibits/temporal_drift/
fig_temporal_drift_lift_testyear.pdf>
Package pdftex.def Info: ../../Thesis_Draft/GSAPP_Final_Submission/Figures/exhi
bits/temporal_drift/fig_temporal_drift_lift_testyear.pdf  used on input line 49
1.
(pdftex.def)             Requested size: 299.32379pt x 233.42589pt.
<../../Thesis_Draft/GSAPP_Final_Submission/Figures/exhibits/temporal_drift/fig_
temporal_drift_prauc_offset.pdf, id=1263, 855.41586pt x 667.31499pt>
File: ../../Thesis_Draft/GSAPP_Final_Submission/Figures/exhibits/temporal_drift
/fig_temporal_drift_prauc_offset.pdf Graphic file (type pdf)
<use ../../Thesis_Draft/GSAPP_Final_Submission/Figures/exhibits/temporal_drift/
fig_temporal_drift_prauc_offset.pdf>
Package pdftex.def Info: ../../Thesis_Draft/GSAPP_Final_Submission/Figures/exhi
bits/temporal_drift/fig_temporal_drift_prauc_offset.pdf  used on input line 498
.
(pdftex.def)             Requested size: 299.23036pt x 233.43137pt.
<../../Thesis_Draft/GSAPP_Final_Submission/Figures/exhibits/temporal_drift/fig_
temporal_drift_lift_offset.pdf, id=1264, 855.68297pt x 667.31499pt>
File: ../../Thesis_Draft/GSAPP_Final_Submission/Figures/exhibits/temporal_drift
/fig_temporal_drift_lift_offset.pdf Graphic file (type pdf)
<use ../../Thesis_Draft/GSAPP_Final_Submission/Figures/exhibits/temporal_drift/
fig_temporal_drift_lift_offset.pdf>
Package pdftex.def Info: ../../Thesis_Draft/GSAPP_Final_Submission/Figures/exhi
bits/temporal_drift/fig_temporal_drift_lift_offset.pdf  used on input line 500.

(pdftex.def)             Requested size: 299.32379pt x 233.43137pt.
<../../Thesis_Draft/GSAPP_Final_Submission/Figures/exhibits/feature_importance/
fig_feature_importance_clustered_H0_Full.pdf, id=1268, 1076.90833pt x 408.22888
pt>
File: ../../Thesis_Draft/GSAPP_Final_Submission/Figures/exhibits/feature_import
ance/fig_feature_importance_clustered_H0_Full.pdf Graphic file (type pdf)
<use ../../Thesis_Draft/GSAPP_Final_Submission/Figures/exhibits/feature_importa
nce/fig_feature_importance_clustered_H0_Full.pdf>
Package pdftex.def Info: ../../Thesis_Draft/GSAPP_Final_Submission/Figures/exhi
bits/feature_importance/fig_feature_importance_clustered_H0_Full.pdf  used on i
nput line 511.
(pdftex.def)             Requested size: 368.57964pt x 139.71788pt.

Underfull \vbox (badness 10000) has occurred while \output is active []

 [28]
[29 <../../Thesis_Draft/GSAPP_Final_Submission/Figures/exhibits/temporal_drift/
fig_temporal_drift_prauc_testyear.pdf> <../../Thesis_Draft/GSAPP_Final_Submissi
on/Figures/exhibits/temporal_drift/fig_temporal_drift_lift_testyear.pdf>]
[30 <../../Thesis_Draft/GSAPP_Final_Submission/Figures/exhibits/temporal_drift/
fig_temporal_drift_prauc_offset.pdf> <../../Thesis_Draft/GSAPP_Final_Submission
/Figures/exhibits/temporal_drift/fig_temporal_drift_lift_offset.pdf>]

LaTeX Warning: Reference `app:exploratory_attribution' on page 31 undefined on 
input line 516.

<../../Thesis_Draft/GSAPP_Final_Submission/Figures/ch5/fig_ch5_35_meta_attribut
ion_clustermap.pdf, id=1718, 727.0713pt x 1122.589pt>
File: ../../Thesis_Draft/GSAPP_Final_Submission/Figures/ch5/fig_ch5_35_meta_att
ribution_clustermap.pdf Graphic file (type pdf)
<use ../../Thesis_Draft/GSAPP_Final_Submission/Figures/ch5/fig_ch5_35_meta_attr
ibution_clustermap.pdf>
Package pdftex.def Info: ../../Thesis_Draft/GSAPP_Final_Submission/Figures/ch5/
fig_ch5_35_meta_attribution_clustermap.pdf  used on input line 525.
(pdftex.def)             Requested size: 286.46335pt x 442.29584pt.
[31 <../../Thesis_Draft/GSAPP_Final_Submission/Figures/exhibits/feature_importa
nce/fig_feature_importance_clustered_H0_Full.pdf>] [32 <../../Thesis_Draft/GSAP
P_Final_Submission/Figures/ch5/fig_ch5_35_meta_attribution_clustermap.pdf>]
(../../Thesis_Draft/GSAPP_Final_Submission/Tables/chapter5_attribution/tbl_ch5_
02_archetypal_attribution.tex)
(../../Thesis_Draft/GSAPP_Final_Submission/Tables/chapter5_attribution/tbl_ch5_
03_archetypal_attribution_weighted.tex)
<../../Thesis_Draft/GSAPP_Final_Submission/Figures/ch5/fig_ch5_36_meta_attribut
ion_clustermap_weighted.pdf, id=1901, 726.77333pt x 1122.3067pt>
File: ../../Thesis_Draft/GSAPP_Final_Submission/Figures/ch5/fig_ch5_36_meta_att
ribution_clustermap_weighted.pdf Graphic file (type pdf)
<use ../../Thesis_Draft/GSAPP_Final_Submission/Figures/ch5/fig_ch5_36_meta_attr
ibution_clustermap_weighted.pdf>
Package pdftex.def Info: ../../Thesis_Draft/GSAPP_Final_Submission/Figures/ch5/
fig_ch5_36_meta_attribution_clustermap_weighted.pdf  used on input line 543.
(pdftex.def)             Requested size: 286.41249pt x 442.28735pt.


LaTeX Warning: Reference `app:exploratory_attribution' on page 33 undefined on 
input line 554.

! Undefined control sequence.
l.556 \acknowledgements
                       {
The control sequence at the end of the top line
of your error message was never \def'ed. If you have
misspelled it (e.g., `\hobx'), type `I' and the correct
spelling (e.g., `I\hbox'). Otherwise just continue,
and I'll forget about whatever was undefined.

[33] [34 <../../Thesis_Draft/GSAPP_Final_Submission/Figures/ch5/fig_ch5_36_meta
_attribution_clustermap_weighted.pdf>] (STAT8101_Final_Project.bbl
Underfull \hbox (badness 1337) in paragraph at lines 16--20
[]\T1/cmr/m/n/10.95 Susan Athey and Guido W. Im-bens.  Ma-chine learn-ing meth-
ods that economists
 []

[35]
Underfull \hbox (badness 4144) in paragraph at lines 146--152
[]\T1/cmr/m/n/10.95 Salim Furth and C. Whit Ewen.  Mostly in-vis-i-ble: The cos
t of valid pe-
 []


Underfull \hbox (badness 4096) in paragraph at lines 146--152
\T1/cmr/m/n/10.95 ti-tions in Texas.  Pol-icy brief, Mer-ca-tus Cen-ter at Geor
ge Ma-son Uni-ver-
 []


Underfull \hbox (badness 1102) in paragraph at lines 146--152
\T1/cmr/m/n/10.95 sity, Febru-ary 2023.  URL []$\T1/cmtt/m/n/10.95 https : / / 
www . mercatus . org / research / policy-[]briefs /
 []

[36]
Underfull \hbox (badness 5681) in paragraph at lines 154--160
[]\T1/cmr/m/n/10.95 Salim Furth and Kel-cie McKin-ley.  Re-zon-ing protest pe-t
i-tions are ripe for
 []


Underfull \hbox (badness 6173) in paragraph at lines 154--160
\T1/cmr/m/n/10.95 re-form.  Pol-icy brief, Mer-ca-tus Cen-ter at George Ma-son 
Uni-ver-sity, Au-
 []


Underfull \hbox (badness 10000) in paragraph at lines 154--160
\T1/cmr/m/n/10.95 gust 2025.  URL []$\T1/cmtt/m/n/10.95 https : / / www . merca
tus . org / housing / policy-[]briefs /
 []

[37] [38]
Underfull \hbox (badness 1509) in paragraph at lines 352--357
[]\T1/cmr/m/n/10.95 Travis County Clerk.  Novem-ber 2022 elec-tion re-sults.  T
ech-ni-cal re-port, Travis
 []


Underfull \hbox (badness 1210) in paragraph at lines 352--357
\T1/cmr/m/n/10.95 County, TX, 2022.  URL []$\T1/cmtt/m/n/10.95 https : / / www 
. traviscountyclerk . org / eclerk / content /
 []

) [39] (STAT8101_Final_Project.aux)
 ***********
LaTeX2e <2025-11-01>
L3 programming layer <2025-12-24>
 ***********


LaTeX Warning: There were undefined references.

Package rerunfilecheck Info: File `STAT8101_Final_Project.out' has not changed.

(rerunfilecheck)             Checksum: 59C0C10DCEA07EC3FCBC73CF5536AA9F;9308.
 ) 
Here is how much of TeX's memory you used:
 24206 strings out of 467871
 466885 string characters out of 5419344
 856743 words of memory out of 5000000
 52498 multiletter control sequences out of 15000+600000
 649210 words of font info for 89 fonts, out of 8000000 for 9000
 1141 hyphenation exceptions out of 8191
 90i,11n,104p,1669b,948s stack positions out of 10000i,1000n,20000p,200000b,200000s
 <C:\Users\dhl\AppData\Local\MiKTeX\fonts/pk/ljfour/jknappen/ec/dpi600\ectt10
95.pk> <C:\Users\dhl\AppData\Local\MiKTeX\fonts/pk/ljfour/jknappen/ec/dpi600\ec
ti0900.pk> <C:\Users\dhl\AppData\Local\MiKTeX\fonts/pk/ljfour/jknappen/ec/dpi60
0\ecrm0600.pk> <C:\Users\dhl\AppData\Local\MiKTeX\fonts/pk/ljfour/jknappen/ec/d
pi600\ecrm0900.pk> <C:\Users\dhl\AppData\Local\MiKTeX\fonts/pk/ljfour/jknappen/
ec/dpi600\tcrm1095.pk> <C:\Users\dhl\AppData\Local\MiKTeX\fonts/pk/ljfour/jknap
pen/ec/dpi600\ecbi1095.pk> <C:\Users\dhl\AppData\Local\MiKTeX\fonts/pk/ljfour/j
knappen/ec/dpi600\ecti1095.pk> <C:\Users\dhl\AppData\Local\MiKTeX\fonts/pk/ljfo
ur/jknappen/ec/dpi600\eccc1095.pk> <C:\Users\dhl\AppData\Local\MiKTeX\fonts/pk/
ljfour/jknappen/ec/dpi600\ectt0800.pk> <C:\Users\dhl\AppData\Local\MiKTeX\fonts
/pk/ljfour/jknappen/ec/dpi600\tcrm0800.pk> <C:\Users\dhl\AppData\Local\MiKTeX\f
onts/pk/ljfour/jknappen/ec/dpi600\ecrm1095.pk> <C:\Users\dhl\AppData\Local\MiKT
eX\fonts/pk/ljfour/jknappen/ec/dpi600\ecbx1200.pk> <C:\Users\dhl\AppData\Local\
MiKTeX\fonts/pk/ljfour/jknappen/ec/dpi600\ecrm1000.pk> <C:\Users\dhl\AppData\Lo
cal\MiKTeX\fonts/pk/ljfour/jknappen/ec/dpi600\ecbx1000.pk> <C:\Users\dhl\AppDat
a\Local\MiKTeX\fonts/pk/ljfour/jknappen/ec/dpi600\ecti1000.pk> <C:\Users\dhl\Ap
pData\Local\MiKTeX\fonts/pk/ljfour/jknappen/ec/dpi600\eccc1000.pk> <C:\Users\dh
l\AppData\Local\MiKTeX\fonts/pk/ljfour/jknappen/ec/dpi600\ecbx1095.pk> <C:\User
s\dhl\AppData\Local\MiKTeX\fonts/pk/ljfour/jknappen/ec/dpi600\ecbx1440.pk> <C:\
Users\dhl\AppData\Local\MiKTeX\fonts/pk/ljfour/jknappen/ec/dpi600\ecrm0800.pk><
C:/Users/dhl/AppData/Local/Programs/MiKTeX/fonts/type1/public/amsfonts/cm/cmmi1
0.pfb><C:/Users/dhl/AppData/Local/Programs/MiKTeX/fonts/type1/public/amsfonts/c
m/cmmi8.pfb><C:/Users/dhl/AppData/Local/Programs/MiKTeX/fonts/type1/public/amsf
onts/cm/cmmi9.pfb><C:/Users/dhl/AppData/Local/Programs/MiKTeX/fonts/type1/publi
c/amsfonts/cm/cmr10.pfb><C:/Users/dhl/AppData/Local/Programs/MiKTeX/fonts/type1
/public/amsfonts/cm/cmr8.pfb><C:/Users/dhl/AppData/Local/Programs/MiKTeX/fonts/
type1/public/amsfonts/cm/cmr9.pfb><C:/Users/dhl/AppData/Local/Programs/MiKTeX/f
onts/type1/public/amsfonts/cm/cmsy10.pfb><C:/Users/dhl/AppData/Local/Programs/M
iKTeX/fonts/type1/public/amsfonts/symbols/msbm10.pfb>
Output written on STAT8101_Final_Project.pdf (39 pages, 5469474 bytes).
PDF statistics:
 2915 PDF objects out of 2984 (max. 8388607)
 163 named destinations out of 1000 (max. 500000)
 387 words of extra memory for PDF output out of 10000 (max. 10000000)

