\BOOKMARK [1][-]{section.1}{\376\377\000I\000n\000t\000r\000o\000d\000u\000c\000t\000i\000o\000n}{}% 1
\BOOKMARK [1][-]{section.2}{\376\377\000L\000i\000t\000e\000r\000a\000t\000u\000r\000e\000\040\000R\000e\000v\000i\000e\000w}{}% 2
\BOOKMARK [1][-]{section.3}{\376\377\000O\000u\000t\000c\000o\000m\000e\000\040\000D\000e\000f\000i\000n\000i\000t\000i\000o\000n\000\040\000a\000n\000d\000\040\000A\000s\000-\000o\000f\000\040\000I\000n\000f\000o\000r\000m\000a\000t\000i\000o\000n\000\040\000S\000e\000t\000u\000p}{}% 3
\BOOKMARK [2][-]{subsection.3.1}{\376\377\000A\000n\000a\000l\000y\000t\000i\000c\000a\000l\000\040\000P\000a\000n\000e\000l\000\040\000S\000t\000r\000u\000c\000t\000u\000r\000e}{section.3}% 4
\BOOKMARK [2][-]{subsection.3.2}{\376\377\000C\000a\000s\000e\000\040\000U\000n\000i\000v\000e\000r\000s\000e\000\040\000a\000n\000d\000\040\000S\000a\000m\000p\000l\000e\000\040\000S\000e\000l\000e\000c\000t\000i\000o\000n}{section.3}% 5
\BOOKMARK [2][-]{subsection.3.3}{\376\377\000C\000o\000n\000t\000r\000o\000l\000l\000e\000d\000\040\000T\000e\000r\000m\000i\000n\000o\000l\000o\000g\000y\000\040\000G\000l\000o\000s\000s\000a\000r\000y}{section.3}% 6
\BOOKMARK [2][-]{subsection.3.4}{\376\377\000P\000r\000i\000m\000a\000r\000y\000\040\000O\000u\000t\000c\000o\000m\000e\000\040\000D\000e\000f\000i\000n\000i\000t\000i\000o\000n}{section.3}% 7
\BOOKMARK [2][-]{subsection.3.5}{\376\377\000L\000a\000b\000e\000l\000-\000V\000a\000l\000i\000d\000i\000t\000y\000\040\000O\000b\000j\000e\000c\000t\000\040\000a\000n\000d\000\040\000A\000u\000d\000i\000t\000\040\000T\000r\000a\000i\000l}{section.3}% 8
\BOOKMARK [2][-]{subsection.3.6}{\376\377\000F\000e\000a\000t\000u\000r\000e\000\040\000L\000i\000b\000r\000a\000r\000i\000e\000s\000:\000\040\000P\000o\000l\000i\000c\000y\000\040\000F\000o\000r\000e\000c\000a\000s\000t\000i\000n\000g\000\040\000v\000s\000.\000\040\000E\000x\000p\000l\000a\000n\000a\000t\000o\000r\000y\000\040\000R\000e\000s\000e\000a\000r\000c\000h}{section.3}% 9
\BOOKMARK [1][-]{section.4}{\376\377\000M\000o\000d\000e\000l\000i\000n\000g\000\040\000S\000t\000r\000a\000t\000e\000g\000y}{}% 10
\BOOKMARK [2][-]{subsection.4.1}{\376\377\000S\000u\000p\000p\000o\000r\000t\000i\000n\000g\000\040\000S\000t\000a\000g\000e\000s\000\040\000\050\000M\000e\000t\000h\000o\000d\000s\000\040\000S\000u\000p\000p\000o\000r\000t\000\040\000O\000n\000l\000y\000\051\000:\000\040\000S\000t\000a\000g\000e\000\040\000A\000,\000\040\000S\000t\000a\000g\000e\000\040\000B\000,\000\040\000a\000n\000d\000\040\000S\000t\000a\000g\000e\000\040\000D}{section.4}% 11
\BOOKMARK [2][-]{subsection.4.2}{\376\377\000I\000P\000W\000\040\000D\000i\000a\000g\000n\000o\000s\000t\000i\000c\000s\000\040\000a\000n\000d\000\040\000S\000e\000n\000s\000i\000t\000i\000v\000i\000t\000y\000\040\000P\000r\000o\000t\000o\000c\000o\000l}{section.4}% 12
\BOOKMARK [2][-]{subsection.4.3}{\376\377\000F\000o\000r\000m\000a\000l\000\040\000P\000r\000o\000t\000e\000s\000t\000\040\000P\000e\000t\000i\000t\000i\000o\000n}{section.4}% 13
\BOOKMARK [3][-]{subsubsection.4.3.1}{\376\377\000P\000r\000i\000m\000a\000r\000y\000\040\000M\000o\000d\000e\000l\000\040\000S\000e\000l\000e\000c\000t\000i\000o\000n\000\040\000a\000n\000d\000\040\000F\000i\000x\000e\000d\000\040\000B\000e\000n\000c\000h\000m\000a\000r\000k\000\040\000R\000o\000s\000t\000e\000r}{subsection.4.3}% 14
\BOOKMARK [2][-]{subsection.4.4}{\376\377\000M\000o\000d\000e\000l\000\040\000E\000v\000a\000l\000u\000a\000t\000i\000o\000n\000\040\000S\000t\000r\000a\000t\000e\000g\000y}{section.4}% 15
\BOOKMARK [1][-]{section.5}{\376\377\000S\000t\000a\000g\000e\000\040\000C\000\040\000P\000r\000i\000m\000a\000r\000y\000\040\000R\000e\000s\000u\000l\000t\000s}{}% 16
\BOOKMARK [2][-]{subsection.5.1}{\376\377\000P\000r\000e\000d\000i\000c\000t\000i\000v\000e\000\040\000P\000e\000r\000f\000o\000r\000m\000a\000n\000c\000e\000\040\000A\000c\000r\000o\000s\000s\000\040\000A\000l\000l\000\040\000H\000o\000r\000i\000z\000o\000n\000s}{section.5}% 17
\BOOKMARK [2][-]{subsection.5.2}{\376\377\000P\000r\000e\000d\000i\000c\000t\000o\000r\000s\000\040\000o\000f\000\040\000P\000e\000t\000i\000t\000i\000o\000n\000\040\000F\000i\000l\000i\000n\000g}{section.5}% 18
\BOOKMARK [2][-]{subsection.5.3}{\376\377\000A\000t\000t\000r\000i\000b\000u\000t\000i\000o\000n\000\040\000S\000t\000a\000b\000i\000l\000i\000t\000y\000\040\000a\000n\000d\000\040\000M\000e\000t\000a\000-\000A\000t\000t\000r\000i\000b\000u\000t\000i\000o\000n}{section.5}% 19
\BOOKMARK [1][-]{section.6}{\376\377\000I\000n\000s\000t\000i\000t\000u\000t\000i\000o\000n\000a\000l\000\040\000C\000o\000n\000t\000e\000x\000t}{}% 20
\BOOKMARK [2][-]{subsection.6.1}{\376\377\000T\000h\000r\000e\000s\000h\000o\000l\000d\000-\000B\000a\000s\000e\000d\000\040\000R\000e\000d\000u\000c\000e\000d\000-\000F\000o\000r\000m\000\040\000D\000i\000s\000c\000o\000n\000t\000i\000n\000u\000i\000t\000y\000\040\000o\000n\000\040\000R\000e\000c\000o\000n\000s\000t\000r\000u\000c\000t\000e\000d\000\040\000P\000e\000t\000i\000t\000i\000o\000n\000\040\000S\000h\000a\000r\000e}{section.6}% 21
\BOOKMARK [2][-]{subsection.6.2}{\376\377\000D\000e\000s\000c\000r\000i\000p\000t\000i\000v\000e\000\040\000E\000l\000e\000c\000t\000o\000r\000a\000l\000\040\000C\000o\000r\000r\000e\000l\000a\000t\000e\000s\000\040\000\050\000N\000o\000n\000-\000I\000d\000e\000n\000t\000i\000f\000y\000i\000n\000g\000\051}{section.6}% 22
\BOOKMARK [1][-]{section.7}{\376\377\000Q\000u\000a\000l\000i\000t\000a\000t\000i\000v\000e\000\040\000P\000l\000a\000n\000n\000i\000n\000g\000\040\000C\000o\000n\000t\000e\000x\000t}{}% 23
\BOOKMARK [1][-]{section.8}{\376\377\000L\000i\000m\000i\000t\000a\000t\000i\000o\000n\000s}{}% 24
\BOOKMARK [1][-]{section.9}{\376\377\000C\000o\000n\000c\000l\000u\000s\000i\000o\000n}{}% 25
\BOOKMARK [1][-]{section*.22}{\376\377\000R\000e\000f\000e\000r\000e\000n\000c\000e\000s}{}% 26
\BOOKMARK [1][-]{appendix.A}{\376\377\000Q\000u\000a\000n\000t\000i\000t\000a\000t\000i\000v\000e\000\040\000S\000u\000p\000p\000l\000e\000m\000e\000n\000t}{}% 27
\BOOKMARK [2][-]{subsection.A.1}{\376\377\000B\000e\000n\000c\000h\000m\000a\000r\000k\000\040\000a\000n\000d\000\040\000C\000a\000l\000i\000b\000r\000a\000t\000i\000o\000n\000\040\000C\000o\000m\000p\000a\000r\000i\000s\000o\000n}{appendix.A}% 28
\BOOKMARK [2][-]{subsection.A.2}{\376\377\000S\000u\000p\000p\000l\000e\000m\000e\000n\000t\000a\000r\000y\000\040\000C\000a\000l\000i\000b\000r\000a\000t\000i\000o\000n\000\040\000L\000a\000y\000e\000r\000s\000\040\000a\000n\000d\000\040\000S\000e\000n\000s\000i\000t\000i\000v\000i\000t\000y\000\040\000V\000a\000r\000i\000a\000n\000t\000s}{appendix.A}% 29
\BOOKMARK [2][-]{subsection.A.3}{\376\377\000S\000u\000b\000g\000r\000o\000u\000p\000\040\000D\000i\000a\000g\000n\000o\000s\000t\000i\000c\000s\000\040\000\050\000T\000r\000a\000n\000s\000p\000a\000r\000e\000n\000c\000y\000-\000O\000n\000l\000y\000\051}{appendix.A}% 30
\BOOKMARK [2][-]{subsection.A.4}{\376\377\000S\000e\000m\000a\000n\000t\000i\000c\000\040\000F\000e\000a\000t\000u\000r\000e\000\040\000M\000a\000p\000p\000i\000n\000g}{appendix.A}% 31
\BOOKMARK [2][-]{subsection.A.5}{\376\377\000E\000x\000p\000l\000o\000r\000a\000t\000o\000r\000y\000\040\000A\000t\000t\000r\000i\000b\000u\000t\000i\000o\000n\000:\000\040\000S\000H\000A\000P\000\040\000B\000e\000e\000s\000w\000a\000r\000m\000\040\000D\000e\000c\000o\000m\000p\000o\000s\000i\000t\000i\000o\000n\000\040\000a\000n\000d\000\040\000N\000a\000r\000r\000a\000t\000i\000v\000e\000\040\000N\000o\000t\000e\000s}{appendix.A}% 32
\BOOKMARK [2][-]{subsection.A.6}{\376\377\000U\000n\000c\000l\000u\000s\000t\000e\000r\000e\000d\000\040\000A\000t\000t\000r\000i\000b\000u\000t\000i\000o\000n\000\040\000S\000t\000a\000b\000i\000l\000i\000t\000y\000\040\000A\000c\000r\000o\000s\000s\000\040\000E\000x\000p\000a\000n\000d\000i\000n\000g\000\040\000T\000e\000m\000p\000o\000r\000a\000l\000\040\000W\000i\000n\000d\000o\000w\000s}{appendix.A}% 33
\BOOKMARK [2][-]{subsection.A.7}{\376\377\000S\000e\000l\000e\000c\000t\000i\000o\000n\000\040\000R\000u\000l\000e\000\040\000a\000n\000d\000\040\000F\000e\000a\000t\000u\000r\000e\000-\000R\000e\000s\000t\000r\000i\000c\000t\000i\000o\000n\000\040\000S\000u\000p\000p\000o\000r\000t}{appendix.A}% 34
\BOOKMARK [1][-]{appendix.B}{\376\377\000Q\000u\000a\000l\000i\000t\000a\000t\000i\000v\000e\000\040\000D\000o\000c\000u\000m\000e\000n\000t\000a\000t\000i\000o\000n}{}% 35
\BOOKMARK [2][-]{subsection.B.1}{\376\377\000I\000n\000t\000e\000r\000v\000i\000e\000w\000\040\000R\000e\000c\000r\000u\000i\000t\000m\000e\000n\000t\000\040\000O\000v\000e\000r\000v\000i\000e\000w}{appendix.B}% 36
\BOOKMARK [2][-]{subsection.B.2}{\376\377\000I\000R\000B\000\040\000P\000r\000o\000t\000o\000c\000o\000l\000\040\000S\000u\000m\000m\000a\000r\000y}{appendix.B}% 37
\BOOKMARK [2][-]{subsection.B.3}{\376\377\000S\000e\000m\000i\000-\000S\000t\000r\000u\000c\000t\000u\000r\000e\000d\000\040\000I\000n\000t\000e\000r\000v\000i\000e\000w\000\040\000G\000u\000i\000d\000e}{appendix.B}% 38
\BOOKMARK [2][-]{subsection.B.4}{\376\377\000S\000a\000m\000p\000l\000e\000\040\000P\000r\000o\000t\000e\000s\000t\000\040\000P\000e\000t\000i\000t\000i\000o\000n}{appendix.B}% 39
\BOOKMARK [2][-]{subsection.B.5}{\376\377\000I\000l\000l\000u\000s\000t\000r\000a\000t\000i\000v\000e\000\040\000S\000u\000p\000p\000o\000r\000t\000-\000L\000a\000y\000e\000r\000\040\000P\000a\000n\000e\000l\000\040\000S\000t\000r\000u\000c\000t\000u\000r\000e}{appendix.B}% 40
\BOOKMARK [1][-]{appendix.C}{\376\377\000E\000x\000p\000a\000n\000d\000e\000d\000\040\000M\000e\000t\000h\000o\000d\000s\000\040\000a\000n\000d\000\040\000R\000o\000b\000u\000s\000t\000n\000e\000s\000s}{}% 41
\BOOKMARK [2][-]{subsection.C.1}{\376\377\000E\000x\000p\000a\000n\000d\000e\000d\000\040\000M\000e\000t\000h\000o\000d\000s\000\040\000A\000p\000p\000e\000n\000d\000i\000x\000:\000\040\000T\000e\000c\000h\000n\000i\000c\000a\000l\000\040\000D\000e\000t\000a\000i\000l\000s}{appendix.C}% 42
\BOOKMARK [3][-]{subsubsection.C.1.1}{\376\377\000V\000a\000r\000i\000a\000b\000l\000e\000\040\000D\000i\000c\000t\000i\000o\000n\000a\000r\000y}{subsection.C.1}% 43
\BOOKMARK [3][-]{subsubsection.C.1.2}{\376\377\000H\000y\000p\000e\000r\000p\000a\000r\000a\000m\000e\000t\000e\000r\000\040\000S\000e\000a\000r\000c\000h\000\040\000G\000r\000i\000d\000s}{subsection.C.1}% 44
\BOOKMARK [3][-]{subsubsection.C.1.3}{\376\377\000S\000u\000b\000g\000r\000o\000u\000p\000\040\000D\000e\000f\000i\000n\000i\000t\000i\000o\000n\000s\000\040\000\046\000\040\000F\000a\000i\000r\000n\000e\000s\000s\000\040\000T\000e\000s\000t\000i\000n\000g}{subsection.C.1}% 45
\BOOKMARK [3][-]{subsubsection.C.1.4}{\376\377\000N\000a\000t\000u\000r\000a\000l\000\040\000L\000a\000n\000g\000u\000a\000g\000e\000\040\000P\000r\000o\000c\000e\000s\000s\000i\000n\000g\000\040\000M\000o\000d\000e\000l\000:\000\040\000E\000x\000p\000l\000o\000r\000a\000t\000o\000r\000y\000\040\000T\000e\000x\000t\000\040\000F\000e\000a\000t\000u\000r\000e\000s}{subsection.C.1}% 46
\BOOKMARK [3][-]{subsubsection.C.1.5}{\376\377\000C\000l\000a\000i\000m\000-\000t\000o\000-\000E\000v\000i\000d\000e\000n\000c\000e\000\040\000M\000a\000p}{subsection.C.1}% 47
\BOOKMARK [2][-]{subsection.C.2}{\376\377\000D\000e\000v\000e\000l\000o\000p\000m\000e\000n\000t\000\040\000O\000c\000c\000u\000r\000r\000e\000n\000c\000e\000\040\000M\000o\000d\000e\000l\000\040\000\050\000S\000t\000a\000g\000e\000\040\000A\000\051}{appendix.C}% 48
\BOOKMARK [2][-]{subsection.C.3}{\376\377\000P\000r\000o\000j\000e\000c\000t\000\040\000T\000y\000p\000e\000\040\000a\000n\000d\000\040\000S\000c\000a\000l\000e\000\040\000M\000o\000d\000e\000l\000\040\000\050\000S\000t\000a\000g\000e\000\040\000B\000\051}{appendix.C}% 49
\BOOKMARK [2][-]{subsection.C.4}{\376\377\000D\000e\000p\000r\000e\000c\000a\000t\000e\000d\000\040\000S\000t\000a\000g\000e\000\040\000D\000\040\000N\000o\000t\000e\000:\000\040\000A\000d\000m\000i\000n\000i\000s\000t\000r\000a\000t\000i\000v\000e\000\040\000D\000a\000t\000a\000\040\000C\000e\000n\000s\000o\000r\000s\000h\000i\000p}{appendix.C}% 50
\BOOKMARK [2][-]{subsection.C.5}{\376\377\000E\000x\000p\000e\000c\000t\000e\000d\000\040\000C\000o\000n\000t\000e\000s\000t\000e\000d\000\040\000U\000n\000i\000t\000s\000\040\000\050\000C\000o\000m\000p\000o\000s\000i\000t\000e\000\040\000M\000e\000a\000s\000u\000r\000e\000\051}{appendix.C}% 51
\BOOKMARK [2][-]{subsection.C.6}{\376\377\000I\000n\000s\000t\000i\000t\000u\000t\000i\000o\000n\000a\000l\000\040\000G\000e\000o\000g\000r\000a\000p\000h\000i\000c\000\040\000O\000v\000e\000r\000l\000a\000y\000\040\000A\000n\000a\000l\000y\000s\000e\000s}{appendix.C}% 52
\BOOKMARK [2][-]{subsection.C.7}{\376\377\000H\000O\000M\000E\000\040\000I\000n\000i\000t\000i\000a\000t\000i\000v\000e\000\040\000E\000v\000e\000n\000t\000\040\000S\000t\000u\000d\000y}{appendix.C}% 53
\BOOKMARK [2][-]{subsection.C.8}{\376\377\000T\000e\000m\000p\000o\000r\000a\000l\000\040\000I\000n\000t\000e\000g\000r\000i\000t\000y\000\040\000a\000n\000d\000\040\000L\000e\000a\000k\000a\000g\000e\000\040\000A\000u\000d\000i\000t}{appendix.C}% 54
\BOOKMARK [2][-]{subsection.C.9}{\376\377\000E\000x\000t\000e\000n\000d\000e\000d\000\040\000A\000r\000c\000h\000i\000t\000e\000c\000t\000u\000r\000a\000l\000\040\000S\000e\000a\000r\000c\000h\000\040\000a\000n\000d\000\040\000R\000e\000s\000a\000m\000p\000l\000i\000n\000g\000\040\000S\000t\000r\000a\000t\000e\000g\000i\000e\000s}{appendix.C}% 55
\BOOKMARK [2][-]{subsection.C.10}{\376\377\000L\000o\000n\000g\000i\000t\000u\000d\000i\000n\000a\000l\000\040\000A\000r\000c\000h\000i\000t\000e\000c\000t\000u\000r\000e\000\040\000A\000t\000t\000r\000i\000b\000u\000t\000i\000o\000n\000\040\000D\000i\000v\000e\000r\000g\000e\000n\000c\000e\000\040\000\050\0002\0000\0001\0008\000\040\000t\000o\000\040\0002\0000\0002\0004\000\051}{appendix.C}% 56
\BOOKMARK [2][-]{subsection.C.11}{\376\377\000L\000o\000n\000g\000i\000t\000u\000d\000i\000n\000a\000l\000\040\000E\000r\000r\000o\000r\000\040\000T\000o\000p\000o\000l\000o\000g\000y\000\040\000\050\000F\000N\000R\000/\000F\000P\000R\000\040\000T\000e\000m\000p\000o\000r\000a\000l\000\040\000T\000r\000a\000c\000k\000i\000n\000g\000\051}{appendix.C}% 57
\BOOKMARK [2][-]{subsection.C.12}{\376\377\000M\000u\000l\000t\000i\000-\000S\000e\000e\000d\000\040\000S\000t\000a\000b\000i\000l\000i\000t\000y\000\040\000A\000u\000d\000i\000t}{appendix.C}% 58
\BOOKMARK [2][-]{subsection.C.13}{\376\377\000E\000x\000p\000l\000o\000r\000a\000t\000o\000r\000y\000\040\000M\000o\000d\000e\000l\000\040\000S\000t\000a\000b\000i\000l\000i\000t\000y\000\040\000A\000u\000d\000i\000t}{appendix.C}% 59
