
============================================================
 THESIS ORCHESTRATOR: END-TO-END EXECUTION
============================================================

============================================================
 PHASE 0: WAREHOUSE ENGINEERING
============================================================
[+] Rebuilding Invariant Causal Prediction (ICP) Data Matrix...
    Output: Data/Zoning_Cases/Processed_Data/CSV/submission_grade_icp_matrix.csv

============================================================
 PHASE 1: PREDICTIVE PIPELINE
============================================================
[+] Stage A: Development Hazard (Computed via StageA_development_hazard.py)
==============================================
 STAGE A: Development-Occurrence Hazard Model
==============================================
[*] Loading FULL 282k Parcel Panel (v3.csv) via Multi-Core PyArrow...
    Loaded Full Panel Shape: (52236, 130)
[*] Loading historical zoning cases...
[*] Constructing Site-Time Horizons (1-5 Year Forward Windows)...
    [+] Vectorizing 5-million row temporal shift constraints...

[*] Establishing Domain Heuristic (Highest & Best Use)...

==============================================
 EVALUATING GAUNTLET HORIZON: H=4 Quarters (1 Yr)
==============================================
    [+] Domain Heuristic (ILR < 1.0) PR-AUC:   0.0032
    [+] Training Logistic Regression Econometric Baseline (Isotonic)...
    [+] Econometric Baseline (Logistic) PR-AUC: 0.0037
    [+] Training Spatial Autoregressive (SAR) Logistic Baseline...
    [+] SAR Logistic (Spatial Lag) PR-AUC:      0.0042
    [+] Training Deep Learning (MLP) Challenger...
    [+] Operational PR-AUC (Deep Learning):     0.0093
    [+] Initializing Unconstrained Global LightGBM (Platt Scaling)...
    [-] LightGBM constraint failure: The 'cv' parameter of CalibratedClassifierCV must be an int in the range [2, inf), an object implementing 'split' and 'get_n_splits', an iterable or None. Got 'prefit' instead.
    [+] Initializing Unconstrained Global CatBoost (Platt Scaling)...
Stage A Complete.
    Output: Analysis/Output/Track0_Predictive/stage_a_hazard_results.csv (1.08 GB)

[+] Stage B: Project Scale & Typology
Macro-F1 (6-Tier): 0.5478
Classification Report:
                                precision    recall  f1-score   support

PUD / large negotiated project       1.00      1.00      1.00         3
               by-right infill       0.57      0.93      0.70       215
        discretionary rezoning       0.79      0.67      0.72        94
                missing-middle       0.61      0.29      0.39        66
                     mixed-use       0.73      0.19      0.30        42
                   multifamily       0.47      0.10      0.16        70

                      accuracy                           0.61       490
                     macro avg       0.69      0.53      0.55       490
                  weighted avg       0.62      0.61      0.56       490

\n--- Continuous Scale Error (10 Seeds) ---
Regression MAE: 28,278 +/- 3,197 sqft
Regression Equivalent Unit MAE: 28.3 +/- 3.2 units\n
Saved Stage B continuous seed plot to C:\Users\dhl\data\thesis\thesis\Thesis_Draft\Draft_v1\Figures\Chapter4\fig_stage_b_continuous_seed_mae.pdf
Random Forest Macro-F1: 0.7391
Logistic Regression Macro-F1: 0.1766
LightGBM Macro-F1: 0.7480
    [!] Macro Telemetry Export Failed: [Errno 22] Invalid argument: 'C:\\Users\\dhl\\data\\thesis\\thesis\\Thesis_Draft\\Draft_v1\\Tables\\metrics_config.tex'
Saved Stage B model to C:\Users\dhl\data\thesis\thesis\Analysis\Output\Track1_Predictive\Models\stage_b_model.cbm

[+] Stage C: Neighborhood Opposition Risk
Initiating Master Multi-Horizon Structural Engine (Aligned)...

==============================================
 HORIZON ALIGNED EXECUTION: H0 (Filing Baseline) (H0)
==============================================
[+] IPW: Ingesting Optimal Stage A Hazard Probabilities...
    Successfully aligned IPW weights. Mean weight: 4669.28

PART 0: DEPLOYMENT METRICS EXTRACTION (H0 EXACT)

[*] Executing Calibration-Bounded Model Optimization (Adaptive Search for [0.9, 1.1] Slope)
    Step 1: Params {'depth': 6, 'l2_leaf_reg': 3, 'learning_rate': 0.03} -> Slope: 0.858, PR-AUC: 0.893
    Step 2: Params {'depth': 5, 'l2_leaf_reg': 5, 'learning_rate': 0.03} -> Slope: 0.689, PR-AUC: 0.872
    Step 3: Params {'depth': 4, 'l2_leaf_reg': 7, 'learning_rate': 0.03} -> Slope: 0.635, PR-AUC: 0.855
    Step 4: Params {'depth': 3, 'l2_leaf_reg': 9, 'learning_rate': 0.03} -> Slope: 1.108, PR-AUC: 0.840
    Step 5: Params {'depth': 4, 'l2_leaf_reg': 8, 'learning_rate': 0.03} -> Slope: 0.855, PR-AUC: 0.860
    Step 6: Params {'depth': 3, 'l2_leaf_reg': 10, 'learning_rate': 0.03} -> Slope: 1.085, PR-AUC: 0.827
    [+] Strict calibration bound satisfied at step 6!
    [+] Selected strictly bounded model: Slope 1.085, PR-AUC 0.827

>>> PRE-SPECIFIED DEPLOYMENT METRICS (TABLE 5) <<<
  Model               : Table 5 Final
  PR-AUC              : 0.873
  Top-Decile Lift     : 10.006
  ECE                 : 0.101
  Brier               : 0.013
  Calib-Slope         : 0.835
  FPR%                : 1.846
  Mean Prob (TP)      : 0.818
  Mean Prob (TN)      : 0.016
  FNR-Gap%            : 0.000
  FPR-Gap%            : 99.786
    [+] Saved fully trained model artifact to C:\Users\dhl\data\thesis\thesis\Analysis\Output\Track1_Predictive\Models\stage_c_model_H0.joblib

PART A: TEMPORAL DRIFT (ROLLING-ORIGIN)

PART B: POLICY REGIMES HOLDOUTS

PART C: SPATIAL HOLDOUTS (DISTRICT LEVEL OOD)
   Spatial Holdout GroupKFold PR-AUC: 0.653

PART D: DEMOGRAPHIC HOLDOUTS (OOD Fairness Audit)
   Demographic Holdout (High-to-Low Wealth) PR-AUC: 0.968

PART E: MORPHOLOGICAL HOLDOUTS (CORE VS SUBURBS)
   Morphological Holdout (Core-to-Suburb) PR-AUC: 0.339

PART F: ZONING TYPOLOGY HOLDOUTS (RESIDENTIAL VS COMMERCIAL)
   Zoning Typology (Residential-to-Commercial) PR-AUC: 0.500

==============================================
 HORIZON ALIGNED EXECUTION: H3 (Pre-Council with NLP) (H3)
==============================================
[+] IPW: Ingesting Optimal Stage A Hazard Probabilities...
    Successfully aligned IPW weights. Mean weight: 156.53

PART 0: DEPLOYMENT METRICS EXTRACTION (H0 EXACT)

[*] Executing Calibration-Bounded Model Optimization (Adaptive Search for [0.9, 1.1] Slope)
    Step 1: Params {'depth': 6, 'l2_leaf_reg': 3, 'learning_rate': 0.03} -> Slope: 1.382, PR-AUC: 0.834
    Step 2: Params {'depth': 7, 'l2_leaf_reg': 2, 'learning_rate': 0.03} -> Slope: 1.408, PR-AUC: 0.840
    Step 3: Params {'depth': 8, 'l2_leaf_reg': 1, 'learning_rate': 0.03} -> Slope: 1.414, PR-AUC: 0.880
    [!] Parameter boundaries reached. Halting adaptive search.
    [!] Search exhausted. Selecting closest bounded architecture (Slope 1.382, PR-AUC 0.834).

>>> PRE-SPECIFIED DEPLOYMENT METRICS (TABLE 5) <<<
  Model               : Table 5 Final
  PR-AUC              : 0.875
  Top-Decile Lift     : 9.032
  ECE                 : 0.146
  Brier               : 0.023
  Calib-Slope         : 1.422
  FPR%                : 15.834
  Mean Prob (TP)      : 0.623
  Mean Prob (TN)      : 0.049
  FNR-Gap%            : 12.821
  FPR-Gap%            : 85.490
    [+] Saved fully trained model artifact to C:\Users\dhl\data\thesis\thesis\Analysis\Output\Track1_Predictive\Models\stage_c_model_H3.joblib

PART A: TEMPORAL DRIFT (ROLLING-ORIGIN)

PART B: POLICY REGIMES HOLDOUTS

PART C: SPATIAL HOLDOUTS (DISTRICT LEVEL OOD)
   Spatial Holdout GroupKFold PR-AUC: 0.692

PART D: DEMOGRAPHIC HOLDOUTS (OOD Fairness Audit)
   Demographic Holdout (High-to-Low Wealth) PR-AUC: 0.731

PART E: MORPHOLOGICAL HOLDOUTS (CORE VS SUBURBS)
   Morphological Holdout (Core-to-Suburb) PR-AUC: 0.233

PART F: ZONING TYPOLOGY HOLDOUTS (RESIDENTIAL VS COMMERCIAL)
   Zoning Typology (Residential-to-Commercial) PR-AUC: 0.981
Evaluation Cycle Exhausted.

[+] Stage C.2: Fairness Sensitivity Audit
==================================================
 FAIRNESS THRESHOLDING EXPERIMENT (PHASE 3) 