
============================================================
 THESIS ORCHESTRATOR: END-TO-END EXECUTION
============================================================

============================================================
 PHASE 1: PREDICTIVE PIPELINE
============================================================
[+] Stage A: Development Hazard (Computed via StageA_development_hazard.py)
==============================================
 STAGE A: Development-Occurrence Hazard Model
==============================================
[*] Loading FULL 282k Parcel Panel (v3.csv) via Multi-Core PyArrow...
    Loaded Full Panel Shape: (5089896, 98)
[*] Loading historical zoning cases...
[*] Constructing Site-Time Horizons (1-5 Year Forward Windows)...
    [+] Vectorizing 5-million row temporal shift constraints...

[*] Establishing Domain Heuristic (Highest & Best Use)...

==============================================
 EVALUATING GAUNTLET HORIZON: H=4 Quarters (1 Yr)
==============================================
    [+] Domain Heuristic (ILR < 1.0) PR-AUC:   0.0000
    [+] Training Logistic Regression Econometric Baseline...
    [+] Econometric Baseline (Logistic) PR-AUC: 0.0001
